Archive member included because of file (symbol)

/home/worman/nds//libnds/lib/libdswifi9.a(sgIP_DNS.o)
                              main.o (inet_ntoa)
/home/worman/nds//libnds/lib/libdswifi9.a(sgIP_Hub.o)
                              /home/worman/nds//libnds/lib/libdswifi9.a(sgIP_DNS.o) (sgIP_Hub_GetDefaultInterface)
/home/worman/nds//libnds/lib/libdswifi9.a(sgIP_memblock.o)
                              /home/worman/nds//libnds/lib/libdswifi9.a(sgIP_Hub.o) (sgIP_memblock_exposeheader)
/home/worman/nds//libnds/lib/libdswifi9.a(sgIP_sockets.o)
                              main.o (gethostbyname)
/home/worman/nds//libnds/lib/libdswifi9.a(wifi_arm9.o)
                              /home/worman/nds//libnds/lib/libdswifi9.a(sgIP_DNS.o) (sgIP_IntrWaitEvent)
/home/worman/nds//libnds/lib/libdswifi9.a(spinlock.o)
                              /home/worman/nds//libnds/lib/libdswifi9.a(wifi_arm9.o) (SLasm_Acquire)
/home/worman/nds//libnds/lib/libdswifi9.a(sgIP.o)
                              /home/worman/nds//libnds/lib/libdswifi9.a(wifi_arm9.o) (sgIP_Timer)
/home/worman/nds//libnds/lib/libdswifi9.a(sgIP_ARP.o)
                              /home/worman/nds//libnds/lib/libdswifi9.a(sgIP.o) (sgIP_ARP_Init)
/home/worman/nds//libnds/lib/libdswifi9.a(sgIP_DHCP.o)
                              /home/worman/nds//libnds/lib/libdswifi9.a(wifi_arm9.o) (gethostname)
/home/worman/nds//libnds/lib/libdswifi9.a(sgIP_IP.o)
                              /home/worman/nds//libnds/lib/libdswifi9.a(sgIP.o) (sgIP_IP_ReceivePacket)
/home/worman/nds//libnds/lib/libdswifi9.a(sgIP_TCP.o)
                              /home/worman/nds//libnds/lib/libdswifi9.a(sgIP.o) (sgIP_TCP_Init)
/home/worman/nds//libnds/lib/libdswifi9.a(sgIP_UDP.o)
                              /home/worman/nds//libnds/lib/libdswifi9.a(sgIP.o) (sgIP_UDP_Init)
/home/worman/nds//libnds/lib/libdswifi9.a(sgIP_ICMP.o)
                              /home/worman/nds//libnds/lib/libdswifi9.a(sgIP_IP.o) (sgIP_ICMP_ReceivePacket)
/home/worman/nds//libnds/lib/libnds9.a(console.o)
                              main.o (consoleSetWindow)
/home/worman/nds//libnds/lib/libnds9.a(image.o)
                              main.o (imageDestroy)
/home/worman/nds//libnds/lib/libnds9.a(keys.o)
                              main.o (scanKeys)
/home/worman/nds//libnds/lib/libnds9.a(pcx.o)
                              main.o (loadPCX)
/home/worman/nds//libnds/lib/libnds9.a(system.o)
                              main.o (powerOn)
/home/worman/nds//libnds/lib/libnds9.a(video.o)
                              main.o (vramSetBankA)
/home/worman/nds//libnds/lib/libnds9.a(videoGL.o)
                              main.o (glGlobalData)
/home/worman/nds//libnds/lib/libnds9.a(initSystem.o)
                              /home/worman/nds/devkitARM/bin/../lib/gcc/arm-eabi/4.4.2/../../../../arm-eabi/lib/thumb/ds_arm9_crt0.o (initSystem)
/home/worman/nds//libnds/lib/libnds9.a(fifosystem.o)
                              /home/worman/nds//libnds/lib/libdswifi9.a(wifi_arm9.o) (fifoSendAddress)
/home/worman/nds//libnds/lib/libnds9.a(interrupts.o)
                              main.o (irqSet)
/home/worman/nds//libnds/lib/libnds9.a(libnds_exit.o)
                              /home/worman/nds/devkitARM/bin/../lib/gcc/arm-eabi/4.4.2/../../../../arm-eabi/lib/thumb/ds_arm9_crt0.o (__libnds_exit)
/home/worman/nds//libnds/lib/libnds9.a(dcache.o)
                              /home/worman/nds//libnds/lib/libdswifi9.a(wifi_arm9.o) (DC_FlushAll)
/home/worman/nds//libnds/lib/libnds9.a(mpu_setup.o)
                              /home/worman/nds/devkitARM/bin/../lib/gcc/arm-eabi/4.4.2/../../../../arm-eabi/lib/thumb/ds_arm9_crt0.o (__libnds_mpu_setup)
/home/worman/nds//libnds/lib/libnds9.a(biosCalls.o)
                              /home/worman/nds//libnds/lib/libnds9.a(system.o) (swiDelay)
/home/worman/nds//libnds/lib/libnds9.a(debugprint.o)
                              /home/worman/nds//libnds/lib/libnds9.a(console.o) (nocashMessage)
/home/worman/nds//libnds/lib/libnds9.a(interruptDispatcher.o)
                              /home/worman/nds//libnds/lib/libnds9.a(interrupts.o) (IntrMain)
/home/worman/nds//libnds/lib/libnds9.a(default_font.bin.o)
                              /home/worman/nds//libnds/lib/libnds9.a(console.o) (default_font_bin)
/home/worman/nds//libnds/lib/libnds9.a(background.o)
                              /home/worman/nds//libnds/lib/libnds9.a(console.o) (bgState)
/home/worman/nds//libnds/lib/libnds9.a(trig.o)
                              /home/worman/nds//libnds/lib/libnds9.a(videoGL.o) (sinLerp)
/home/worman/nds/devkitARM/bin/../lib/gcc/arm-eabi/4.4.2/../../../../arm-eabi/lib/thumb/libstdc++.a(list.o)
                              world.o (_ZNSt15_List_node_base4hookEPS_)
/home/worman/nds/devkitARM/bin/../lib/gcc/arm-eabi/4.4.2/../../../../arm-eabi/lib/thumb/libstdc++.a(new_op.o)
                              main.o (_Znwj)
[...]
Memory Configuration

Name             Origin             Length             Attributes
rom              0x08000000         0x02000000
ewram            0x02000000         0x003ff000
dtcm             0x0b000000         0x00004000
vectors          0x01000000         0x00000100
itcm             0x01000100         0x00007f00
*default*        0x00000000         0xffffffff

Linker script and memory map

                0x01000000                __vectors_start = 0x1000000
                0x01000100                __itcm_start = 0x1000100
                0x023ff000                __ewram_end = 0x23ff000
                0x023ff000                __eheap_end = 0x23ff000
                0x0b000000                __dtcm_start = 0xb000000
                0x0b004000                __dtcm_top = 0xb004000
                0x0b003ff8                __irq_flags = (__dtcm_top - 0x8)
                0x0b003ffc                __irq_vector = (__dtcm_top - 0x4)
                0x0b003f00                __sp_svc = (__dtcm_top - 0x100)
                0x0b003e00                __sp_irq = (__sp_svc - 0x100)
                0x0b003d00                __sp_usr = (__sp_irq - 0x100)

.init           0x02000000      0x21c
                0x02000000                __text_start = .
 *(.init)
 .init          0x02000000      0x210 /home/worman/nds/devkitARM/bin/../lib/gcc/arm-eabi/4.4.2/../../../../arm-eabi/lib/thumb/ds_arm9_crt0.o
                0x02000000                _start
 .init          0x02000210        0x4 /home/worman/nds/devkitARM/bin/../lib/gcc/arm-eabi/4.4.2/thumb/crti.o
                0x02000210                _init
 .init          0x02000214        0x8 /home/worman/nds/devkitARM/bin/../lib/gcc/arm-eabi/4.4.2/thumb/crtn.o
                0x0200021c                . = ALIGN (0x4)

.plt
 *(.plt)

.text           0x02000220    0x1f2b0
 *(EXCLUDE_FILE(*.itcm*) .text)
 .text          0x02000220        0x0 /home/worman/nds/devkitARM/bin/../lib/gcc/arm-eabi/4.4.2/../../../../arm-eabi/lib/thumb/ds_arm9_crt0.o
 .text          0x02000220        0x0 /home/worman/nds/devkitARM/bin/../lib/gcc/arm-eabi/4.4.2/thumb/crti.o
 .text          0x02000220       0x6c /home/worman/nds/devkitARM/bin/../lib/gcc/arm-eabi/4.4.2/thumb/crtbegin.o
 .text          0x0200028c        0x0 back.pcx.o
 .text          0x0200028c        0x0 blueDinoSmall.pcx.o
 .text          0x0200028c        0x0 cupcake.pcx.o
 .text          0x0200028c        0x0 eggbottom.pcx.o
 .text          0x0200028c        0x0 eggSmall.pcx.o
 .text          0x0200028c        0x0 eggtop.pcx.o
 .text          0x0200028c        0x0 front.pcx.o
 .text          0x0200028c        0x0 heart.pcx.o
 .text          0x0200028c        0x0 pinkDinoSmall.pcx.o
 .text          0x0200028c        0x0 playfield.pcx.o
 .text          0x0200028c        0x0 star.pcx.o
 .text          0x0200028c        0x0 telescope.pcx.o
 .text          0x0200028c        0x0 tileBackground.pcx.o
 .text          0x0200028c        0x0 title.pcx.o
 *fill*         0x0200028c        0x4 ff
 .text          0x02000290      0xb20 main.o
                0x02000290                _Z13netSendPausedv
                0x02000294                _Z11netSendLossv
                0x02000298                _Z6findAPv
                0x0200052c                _Z10keyHandlerv
                0x020006c0                _Z19LoadTitleGLTexturesv
                0x0200076c                _Z11DrawGLScenev
                0x020009f4                main
 .text          0x02000db0      0x21c object.o
                0x02000db0                _ZN6object6updateEv
                0x02000e0c                _ZN6objectC2EP5world10objectTypeii
                0x02000e2c                _ZN6objectC1EP5world10objectTypeii
                0x02000e4c                _ZN6object4drawEv
 *fill*         0x02000fcc        0x4 ff
 .text          0x02000fd0      0x230 rngs.o
                0x02000fd0                _Z6Randomv
                0x02001034                _Z7GetSeedPl
                0x0200104c                _Z7PutSeedl
                0x020010d8                _Z10PlantSeedsl
                0x02001164                _Z12SelectStreami
                0x0200118c                _Z10TestRandomv
 .text          0x02001200      0x498 rvgs.o
                0x02001200                _Z7Uniformdd
                0x02001238                _Z10Equilikelyll
                0x02001264                _Z9Bernoullid
                0x020012a8                _Z8Binomialld
                0x020012d8                _Z6Normaldd
                0x02001460                _Z9Chisquarel
                0x020014b8                _Z7Studentl
                0x02001508                _Z9Lognormaldd
                0x02001548                _Z11Exponentiald
                0x0200157c                _Z6Erlangld
                0x020015c8                _Z7Poissond
                0x02001628                _Z9Geometricd
                0x02001668                _Z6Pascalld
 .text          0x02001698       0x88 timer.o
                0x02001698                _ZN5TimerC2Ev
                0x020016a4                _ZN5TimerC1Ev
                0x020016b0                _ZN5Timer10instantfpsEv
                0x020016b4                _ZN5Timer9approxfpsEv
                0x020016b8                _ZN5Timer4tickEv
 .text          0x02001720      0xb80 world.o
                0x02001720                _ZN5world13setScreenSizeEii
                0x02001728                _ZN5world10getTextureEi
                0x02001730                _ZN5world11flipColumnsEv
                0x02001818                _ZN5world18LoadGameGLTexturesEv
                0x02001b78                _ZN5worldC1Ev
                0x02001bf8                _ZN5worldC2Ev
                0x02001c78                _ZN5world3addEP6object
                0x02001c94                _ZN5world13createFallingEi
                0x02001dec                _ZN5world6updateEv
                0x020020d8                _ZN5world4drawEv
 .text          0x020022a0      0xaac /home/worman/nds//libnds/lib/libdswifi9.a(sgIP_DNS.o)
                0x020022a0                sgIP_DNS_Init
                0x020022d8                sgIP_DNS_Timer1000ms
                0x02002324                sgIP_DNS_FindDNSRecord
                0x0200245c                sgIP_DNS_GetUnusedRecord
                0x02002598                sgIP_DNS_GenerateHostent
                0x02002670                sgIP_DNS_CopyAliasAt
                0x020026d4                inet_ntoa
                0x020026e4                sgIP_DNS_isipaddress
                0x020028f8                inet_aton
                0x02002914                inet_addr
                0x02002930                sgIP_DNS_gethostbyname
 .text          0x02002d4c      0x1f4 /home/worman/nds//libnds/lib/libdswifi9.a(sgIP_Hub.o)
                0x02002d4c                sgIP_Hub_Init
                0x02002d60                sgIP_Hub_AddProtocolInterface
                0x02002d9c                sgIP_Hub_AddHardwareInterface
                0x02002dd8                sgIP_Hub_RemoveProtocolInterface
                0x02002df8                sgIP_Hub_RemoveHardwareInterface
                0x02002e18                sgIP_Hub_IPMaxMessageSize
                0x02002e20                sgIP_Hub_GetCompatibleIP
                0x02002e38                sgIP_Hub_GetDefaultInterface
                0x02002e4c                htons
                0x02002e58                htonl
                0x02002e78                sgIP_Hub_SendRawPacket
                0x02002e9c                sgIP_Hub_SendProtocolPacket
                0x02002ee4                sgIP_Hub_ReceiveHardwarePacket
 .text          0x02002f40      0x2d0 /home/worman/nds//libnds/lib/libdswifi9.a(sgIP_memblock.o)
                0x02002f40                sgIP_memblock_Init
                0x02002f44                sgIP_memblock_exposeheader
                0x02002f6c                sgIP_memblock_IPChecksum
                0x0200308c                sgIP_memblock_CopyBlock
                0x02003090                sgIP_memblock_CopyFromLinear
                0x02003104                sgIP_memblock_CopyToLinear
                0x02003178                sgIP_memblock_free
                0x020031a4                sgIP_memblock_trimsize
                0x020031e0                sgIP_memblock_allocHW
                0x02003204                sgIP_memblock_alloc
 .text          0x02003210      0xba4 /home/worman/nds//libnds/lib/libdswifi9.a(sgIP_sockets.o)
                0x02003210                sgIP_sockets_Init
                0x02003230                setsockopt
                0x02003234                getsockopt
                0x02003238                select
                0x020034f4                gethostbyname
                0x020034fc                getsockname
                0x020035a0                getpeername
                0x02003630                ioctl
                0x020036c4                kill_socket
                0x020036fc                spawn_socket
                0x02003750                shutdown
                0x0200379c                accept
                0x02003878                listen
                0x020038c8                recvfrom
                0x020039a4                sendto
                0x02003a14                recv
                0x02003abc                send
                0x02003b64                connect
                0x02003c74                bind
                0x02003cd4                closesocket
                0x02003d2c                socket
 .text          0x02003db4     0x158c /home/worman/nds//libnds/lib/libdswifi9.a(wifi_arm9.o)
                0x02003db4                sgIP_IntrWaitEvent
                0x02003db8                wHeapAlloc
                0x02003e80                wHeapFree
                0x02003ea0                sgIP_malloc
                0x02003ea8                sgIP_free
                0x02003ec8                ethhdr_print
                0x02003ecc                erasemem
                0x02003ee0                Wifi_CopyMacAddr
                0x02003ef0                Wifi_CmpMacAddr
                0x02003f14                Wifi_TxBufferWordsAvailable
                0x02003f38                Wifi_TxBufferWrite
                0x02003f9c                Wifi_RxRawReadPacket
                0x0200400c                Wifi_RxReadOffset
                0x02004038                Wifi_RawTxFrame
                0x020041a0                Wifi_RawSetPacketHandler
                0x020041ac                Wifi_SetSyncHandler
                0x020041b8                Wifi_DisableWifi
                0x020041d4                Wifi_EnableWifi
                0x020041f0                Wifi_SetPromiscuousMode
                0x02004220                Wifi_ScanMode
                0x0200423c                Wifi_SetChannel
                0x02004264                Wifi_GetNumAP
                0x0200429c                Wifi_AutoConnect
                0x020042c4                Wifi_DisconnectAP
                0x020042f0                Wifi_Interface_Init
                0x0200433c                Wifi_CheckInit
                0x02004360                Wifi_GetIP
                0x02004378                Wifi_GetIPInfo
                0x020043b0                Wifi_SetDHCP
                0x020043b4                Wifi_GetStats
                0x020043d8                arm9_synctoarm7
                0x020043e4                Wifi_GetData
                0x02004450                Wifi_SetIP
                0x02004474                Wifi_Update
                0x02004754                Wifi_Sync
                0x02004770                wifiValue32Handler
                0x0200477c                Wifi_Timer
                0x0200478c                Timer_50ms
                0x02004798                Wifi_TransmitFunction
                0x02004afc                Wifi_GetAPData
                0x02004bb0                Wifi_FindMatchingAP
                0x02004cf0                Wifi_AssocStatus
                0x02005090                Wifi_ConnectAP
                0x020051b8                wHeapAllocInit
                0x020051e0                Wifi_Init
                0x02005278                Wifi_InitDefault
 .text          0x02005340       0x5c /home/worman/nds//libnds/lib/libdswifi9.a(spinlock.o)
                0x02005340                SLasm_Acquire
                0x02005374                SLasm_Release
 .text          0x0200539c       0xa0 /home/worman/nds//libnds/lib/libdswifi9.a(sgIP.o)
                0x0200539c                sgIP_Timer
                0x02005404                sgIP_Init
 .text          0x0200543c      0x644 /home/worman/nds//libnds/lib/libdswifi9.a(sgIP_ARP.o)
                0x0200543c                sgIP_FindArpSlot
                0x02005470                sgIP_is_broadcast_address
                0x02005480                sgIP_ARP_Check_isok
                0x02005484                sgIP_ARP_Init
                0x020054a4                sgIP_ARP_FlushInterface
                0x020054d8                sgIP_ARP_ProcessIPFrame
                0x020054dc                sgIP_ARP_SendARPRequest
                0x020055b8                sgIP_ARP_SendGratARP
                0x02005690                sgIP_ARP_SendARPResponse
                0x02005768                sgIP_ARP_Timer100ms
                0x020057dc                sgIP_GetArpSlot
                0x02005834                sgIP_ARP_SendProtocolFrame
                0x0200596c                sgIP_ARP_ProcessARPFrame
 .text          0x02005a80      0xa30 /home/worman/nds//libnds/lib/libdswifi9.a(sgIP_DHCP.o)
                0x02005a80                sgIP_DHCP_IsDhcpIp
                0x02005a90                sethostname
                0x02005b0c                gethostname
                0x02005b4c                sgIP_DHCP_SetHostName
                0x02005b68                sgIP_DHCP_Terminate
                0x02005ba0                sgIP_DHCP_BeginDgram
                0x02005df0                sgIP_DHCP_SendDgram
                0x02005e68                sgIP_DHCP_Update
                0x02006374                sgIP_DHCP_Release
                0x020063a8                sgIP_DHCP_Start
                0x02006468                sgIP_DHCP_Init
 .text          0x020064b0      0x140 /home/worman/nds//libnds/lib/libdswifi9.a(sgIP_IP.o)
                0x020064b0                sgIP_IP_RequiredHeaderSize
                0x020064b4                sgIP_IP_GetLocalBindAddr
                0x020064c4                sgIP_IP_SendViaIP
                0x02006550                sgIP_IP_MaxContentsSize
                0x0200655c                sgIP_IP_ReceivePacket
 .text          0x020065f0     0x1268 /home/worman/nds//libnds/lib/libdswifi9.a(sgIP_TCP.o)
                0x020065f0                sgIP_TCP_Init
                0x02006624                sgIP_TCP_support_seqhash
                0x02006670                sgIP_TCP_GetUnusedOutgoingPort
                0x020066d8                sgIP_TCP_Bind
                0x02006704                sgIP_TCP_Close
                0x02006738                sgIP_TCP_Accept
                0x020067b0                sgIP_TCP_Listen
                0x0200680c                sgIP_TCP_AllocRecord
                0x02006858                sgIP_TCP_FreeRecord
                0x02006968                sgIP_TCP_GenHeader
                0x02006a20                sgIP_TCP_FixChecksum
                0x02006a90                sgIP_TCP_SendSynReply
                0x02006b3c                sgIP_TCP_SendPacket
                0x02006c28                sgIP_TCP_Recv
                0x02006d14                sgIP_TCP_Send
                0x02006e20                sgIP_TCP_Connect
                0x02006f04                sgIP_TCP_Timer
                0x02007164                sgIP_TCP_CalcChecksum
                0x020071c0                sgIP_TCP_ReceivePacket
 .text          0x02007858      0x460 /home/worman/nds//libnds/lib/libdswifi9.a(sgIP_UDP.o)
                0x02007858                sgIP_UDP_Init
                0x02007874                sgIP_UDP_GetUnusedOutgoingPort
                0x020078d8                sgIP_UDP_Bind
                0x02007914                sgIP_UDP_RecvFrom
                0x02007a0c                sgIP_UDP_FreeRecord
                0x02007a6c                sgIP_UDP_AllocRecord
                0x02007aa4                sgIP_UDP_CalcChecksum
                0x02007b08                sgIP_UDP_SendPacket
                0x02007bfc                sgIP_UDP_SendTo
                0x02007c10                sgIP_UDP_ReceivePacket
 .text          0x02007cb8       0x68 /home/worman/nds//libnds/lib/libdswifi9.a(sgIP_ICMP.o)
                0x02007cb8                sgIP_ICMP_Init
                0x02007cbc                sgIP_ICMP_ReceivePacket
 .text          0x02007d20      0xa1c /home/worman/nds//libnds/lib/libnds9.a(console.o)
                0x02007d20                consoleGetDefault
                0x02007d28                consoleSelect
                0x02007dc4                consolePrintChar
                0x02007f64                consoleLoadFont
                0x020081e4                consoleSetFont
                0x02008204                consoleSetWindow
                0x02008228                consoleClear
                0x02008238                consoleDebugInit
                0x02008284                consoleInit
                0x020083fc                consoleDemoInit
                0x02008438                con_write
                0x0200870c                nocash_write
 .text          0x0200873c      0x2b0 /home/worman/nds//libnds/lib/libnds9.a(image.o)
                0x0200873c                imageDestroy
                0x02008760                imageTileData
                0x02008850                image8to16trans
                0x020088e0                image8to16
                0x02008948                image24to16
 .text          0x020089ec       0xfc /home/worman/nds//libnds/lib/libnds9.a(keys.o)
                0x020089ec                scanKeys
                0x02008a5c                keysHeld
                0x02008a68                keysDown
                0x02008a78                keysDownRepeat
                0x02008a88                keysSetRepeat
                0x02008aa0                keysUp
                0x02008ab0                keysCurrent
 .text          0x02008ae8      0x11c /home/worman/nds//libnds/lib/libnds9.a(pcx.o)
                0x02008ae8                loadPCX
 .text          0x02008c04       0xdc /home/worman/nds//libnds/lib/libnds9.a(system.o)
                0x02008c04                ledBlink
                0x02008c18                powerOff
                0x02008c44                powerOn
                0x02008c74                systemSleep
                0x02008c8c                powerValueHandler
                0x02008c9c                systemMsgHandler
 .text          0x02008ce0      0x144 /home/worman/nds//libnds/lib/libnds9.a(video.o)
                0x02008ce0                vramSetMainBanks
                0x02008d24                vramRestoreMainBanks
                0x02008d30                vramSetBankA
                0x02008d44                vramSetBankB
                0x02008d58                vramSetBankC
                0x02008d6c                vramSetBankD
                0x02008d80                vramSetBankE
                0x02008d94                vramSetBankF
                0x02008da8                vramSetBankG
                0x02008dbc                vramSetBankH
                0x02008dd0                vramSetBankI
                0x02008de4                setBrightness
 .text          0x02008e24      0xa4c /home/worman/nds//libnds/lib/libnds9.a(videoGL.o)
                0x02008e24                glGetGlobals
                0x02008e2c                glMaterialf
                0x02008ea4                glGenTextures
                0x02008ee4                glBindTexture
                0x02008f14                glColorTable
                0x02008f2c                glTexCoord2f32
                0x02008fa0                glTexParameter
                0x02008fd0                glGetTexturePointer
                0x02008ff8                glGetTexParameter
                0x02009010                alignVal
                0x02009020                getNextPaletteSlot
                0x02009074                vramGetBank
                0x02009134                vramIsTextureBank
                0x02009190                getNextTextureSlot
                0x020091f0                glTexLoadPal
                0x02009220                gluTexLoadPal
                0x02009244                glTexImage2D
                0x020093b8                glRotatef32i
                0x02009694                glResetTextures
                0x020096dc                glInit_C
 .text          0x02009870       0xf4 /home/worman/nds//libnds/lib/libnds9.a(initSystem.o)
                0x02009870                initSystem
 .text          0x02009964      0xcd0 /home/worman/nds//libnds/lib/libnds9.a(fifosystem.o)
                0x02009af8                fifoSendAddress
                0x02009b30                fifoSendValue32
                0x02009b78                fifoGetAddress
                0x02009be8                fifoSetAddressHandler
                0x02009c5c                fifoGetValue32
                0x02009ccc                fifoSetValue32Handler
                0x02009d40                fifoCheckAddress
                0x02009d64                fifoCheckDatamsg
                0x02009d88                fifoCheckValue32
                0x02009e50                fifoInit
                0x0200a010                fifoGetDatamsg
                0x0200a51c                fifoSetDatamsgHandler
                0x0200a5c4                fifoSendDatamsg
 .text          0x0200a634      0x1d8 /home/worman/nds//libnds/lib/libnds9.a(interrupts.o)
                0x0200a634                irqDummy
                0x0200a638                irqSet
                0x0200a6a4                irqInit
                0x0200a6f0                irqInitHandler
                0x0200a720                irqEnable
                0x0200a780                irqDisable
                0x0200a7e0                irqClear
 .text          0x0200a80c        0x4 /home/worman/nds//libnds/lib/libnds9.a(libnds_exit.o)
                0x0200a80c                __libnds_exit
 .text          0x0200a810       0x70 /home/worman/nds//libnds/lib/libnds9.a(dcache.o)
                0x0200a810                DC_FlushAll
                0x0200a83c                DC_FlushRange
                0x0200a858                DC_InvalidateAll
                0x0200a864                DC_InvalidateRange
 .text          0x0200a880      0x1d4 /home/worman/nds//libnds/lib/libnds9.a(mpu_setup.o)
                0x0200a880                __libnds_mpu_setup
                0x0200a9e0                memCached
                0x0200a9f8                memUncached
 *fill*         0x0200aa54        0xc ff
 .text          0x0200aa60       0x70 /home/worman/nds//libnds/lib/libnds9.a(biosCalls.o)
                0x0200aa60                swiSoftReset
                0x0200aa64                swiDelay
                0x0200aa68                swiIntrWait
                0x0200aa6c                swiWaitForVBlank
                0x0200aa70                swiSleep
                0x0200aa74                swiChangeSoundBias
                0x0200aa78                swiDivide
                0x0200aa7c                swiRemainder
                0x0200aa82                swiDivMod
                0x0200aa8e                swiCopy
                0x0200aa92                swiFastCopy
                0x0200aa96                swiSqrt
                0x0200aa9a                swiCRC16
                0x0200aa9e                swiIsDebugger
                0x0200aaa2                swiUnpackBits
                0x0200aaa6                swiDecompressLZSSWram
                0x0200aaaa                swiDecompressLZSSVram
                0x0200aaae                swiDecompressHuffman
                0x0200aab2                swiDecompressRLEWram
                0x0200aab6                swiDecompressRLEVram
                0x0200aaba                swiWaitForIRQ
                0x0200aabe                swiDecodeDelta8
                0x0200aac2                swiDecodeDelta16
                0x0200aac6                swiSetHaltCR
 .text          0x0200aad0       0x98 /home/worman/nds//libnds/lib/libnds9.a(debugprint.o)
                0x0200aad0                nocashMessage
 .text          0x0200ab68        0x0 /home/worman/nds//libnds/lib/libnds9.a(interruptDispatcher.o)
 .text          0x0200ab68        0x0 /home/worman/nds//libnds/lib/libnds9.a(default_font.bin.o)
 .text          0x0200ab68      0x350 /home/worman/nds//libnds/lib/libnds9.a(background.o)
                0x0200ab68                bgIsText
                0x0200ab74                checkIfText
                0x0200abc4                bgUpdate
                0x0200acd8                bgInitSub_call
                0x0200ade8                bgInit_call
 .text          0x0200aeb8      0x234 /home/worman/nds//libnds/lib/libnds9.a(trig.o)
                0x0200aeb8                sinLutLookup
                0x0200aef4                sinLerp
                0x0200af80                cosLerp
                0x0200af98                tanLutLookup
                0x0200afe4                tanLerp
                0x0200b020                arcSinComp
                0x0200b050                asinLerp
                0x0200b0d4                acosLerp
 .text          0x0200b0ec        0x0 /home/worman/nds/devkitARM/bin/../lib/gcc/arm-eabi/4.4.2/../../../../arm-eabi/lib/thumb/libstdc++.a(list.o)
 .text          0x0200b0ec        0x0 /home/worman/nds/devkitARM/bin/../lib/gcc/arm-eabi/4.4.2/../../../../arm-eabi/lib/thumb/libstdc++.a(new_op.o)
 .text          0x0200b0ec        0x0 /home/worman/nds/devkitARM/bin/../lib/gcc/arm-eabi/4.4.2/../../../../arm-eabi/lib/thumb/libstdc++.a(eh_personality.o)
 .text          0x0200b0ec        0x0 /home/worman/nds/devkitARM/bin/../lib/gcc/arm-eabi/4.4.2/../../../../arm-eabi/lib/thumb/libstdc++.a(new_handler.o)
 .text          0x0200b0ec        0x0 /home/worman/nds/devkitARM/bin/../lib/gcc/arm-eabi/4.4.2/../../../../arm-eabi/lib/thumb/libstdc++.a(eh_call.o)
 .text          0x0200b0ec        0x0 /home/worman/nds/devkitARM/bin/../lib/gcc/arm-eabi/4.4.2/../../../../arm-eabi/lib/thumb/libstdc++.a(new_opv.o)
 .text          0x0200b0ec        0xc /home/worman/nds/devkitARM/bin/../lib/gcc/arm-eabi/4.4.2/../../../../arm-eabi/lib/thumb/libstdc++.a(eh_arm.o)
                0x0200b0ec                __cxa_end_cleanup
 .text          0x0200b0f8        0x0 /home/worman/nds/devkitARM/bin/../lib/gcc/arm-eabi/4.4.2/../../../../arm-eabi/lib/thumb/libstdc++.a(eh_catch.o)
 .text          0x0200b0f8        0x0 /home/worman/nds/devkitARM/bin/../lib/gcc/arm-eabi/4.4.2/../../../../arm-eabi/lib/thumb/libstdc++.a(del_op.o)
 .text          0x0200b0f8        0x0 /home/worman/nds/devkitARM/bin/../lib/gcc/arm-eabi/4.4.2/../../../../arm-eabi/lib/thumb/libstdc++.a(eh_terminate.o)
 .text          0x0200b0f8        0x0 /home/worman/nds/devkitARM/bin/../lib/gcc/arm-eabi/4.4.2/../../../../arm-eabi/lib/thumb/libstdc++.a(eh_throw.o)
 .text          0x0200b0f8        0x0 /home/worman/nds/devkitARM/bin/../lib/gcc/arm-eabi/4.4.2/../../../../arm-eabi/lib/thumb/libstdc++.a(eh_term_handler.o)
 .text          0x0200b0f8        0x0 /home/worman/nds/devkitARM/bin/../lib/gcc/arm-eabi/4.4.2/../../../../arm-eabi/lib/thumb/libstdc++.a(eh_globals.o)
 .text          0x0200b0f8        0x0 /home/worman/nds/devkitARM/bin/../lib/gcc/arm-eabi/4.4.2/../../../../arm-eabi/lib/thumb/libstdc++.a(fundamental_type_info.o)
 .text          0x0200b0f8        0x0 /home/worman/nds/devkitARM/bin/../lib/gcc/arm-eabi/4.4.2/../../../../arm-eabi/lib/thumb/libstdc++.a(eh_aux_runtime.o)
 .text          0x0200b0f8        0x0 /home/worman/nds/devkitARM/bin/../lib/gcc/arm-eabi/4.4.2/../../../../arm-eabi/lib/thumb/libstdc++.a(eh_exception.o)
 .text          0x0200b0f8        0x0 /home/worman/nds/devkitARM/bin/../lib/gcc/arm-eabi/4.4.2/../../../../arm-eabi/lib/thumb/libstdc++.a(vterminate.o)
 .text          0x0200b0f8        0x0 /home/worman/nds/devkitARM/bin/../lib/gcc/arm-eabi/4.4.2/../../../../arm-eabi/lib/thumb/libstdc++.a(eh_alloc.o)
 .text          0x0200b0f8        0x0 /home/worman/nds/devkitARM/bin/../lib/gcc/arm-eabi/4.4.2/../../../../arm-eabi/lib/thumb/libstdc++.a(tinfo.o)
 .text          0x0200b0f8        0x0 /home/worman/nds/devkitARM/bin/../lib/gcc/arm-eabi/4.4.2/../../../../arm-eabi/lib/thumb/libstdc++.a(si_class_type_info.o)
 .text          0x0200b0f8        0x0 /home/worman/nds/devkitARM/bin/../lib/gcc/arm-eabi/4.4.2/../../../../arm-eabi/lib/thumb/libstdc++.a(pure.o)
 .text          0x0200b0f8        0x0 /home/worman/nds/devkitARM/bin/../lib/gcc/arm-eabi/4.4.2/../../../../arm-eabi/lib/thumb/libstdc++.a(eh_type.o)
 .text          0x0200b0f8        0x0 /home/worman/nds/devkitARM/bin/../lib/gcc/arm-eabi/4.4.2/../../../../arm-eabi/lib/thumb/libstdc++.a(eh_unex_handler.o)
 .text          0x0200b0f8        0x0 /home/worman/nds/devkitARM/bin/../lib/gcc/arm-eabi/4.4.2/../../../../arm-eabi/lib/thumb/libstdc++.a(bad_typeid.o)
 .text          0x0200b0f8        0x0 /home/worman/nds/devkitARM/bin/../lib/gcc/arm-eabi/4.4.2/../../../../arm-eabi/lib/thumb/libstdc++.a(class_type_info.o)
 .text          0x0200b0f8        0x0 /home/worman/nds/devkitARM/bin/../lib/gcc/arm-eabi/4.4.2/../../../../arm-eabi/lib/thumb/libstdc++.a(bad_cast.o)
 .text          0x0200b0f8        0x0 /home/worman/nds/devkitARM/bin/../lib/gcc/arm-eabi/4.4.2/../../../../arm-eabi/lib/thumb/libstdc++.a(pointer_type_info.o)
 .text          0x0200b0f8     0x2f58 /home/worman/nds/devkitARM/bin/../lib/gcc/arm-eabi/4.4.2/../../../../arm-eabi/lib/thumb/libstdc++.a(cp-demangle.o)
                0x0200dc4c                __gcclibcxx_demangle_callback
                0x0200dc7c                __cxa_demangle
 .text          0x0200e050        0x0 /home/worman/nds/devkitARM/bin/../lib/gcc/arm-eabi/4.4.2/../../../../arm-eabi/lib/thumb/libstdc++.a(pbase_type_info.o)
 .text          0x0200e050      0x110 /home/worman/nds/devkitARM/bin/../lib/gcc/arm-eabi/4.4.2/../../../../arm-eabi/lib/thumb/libm.a(lib_a-w_exp.o)
                0x0200e050                exp
 .text          0x0200e160      0x110 /home/worman/nds/devkitARM/bin/../lib/gcc/arm-eabi/4.4.2/../../../../arm-eabi/lib/thumb/libm.a(lib_a-w_log.o)
                0x0200e160                log
 .text          0x0200e270       0xc8 /home/worman/nds/devkitARM/bin/../lib/gcc/arm-eabi/4.4.2/../../../../arm-eabi/lib/thumb/libm.a(lib_a-w_sqrt.o)
                0x0200e270                sqrt
 .text          0x0200e338      0x308 /home/worman/nds/devkitARM/bin/../lib/gcc/arm-eabi/4.4.2/../../../../arm-eabi/lib/thumb/libm.a(lib_a-e_exp.o)
                0x0200e338                __ieee754_exp
 .text          0x0200e640      0x438 /home/worman/nds/devkitARM/bin/../lib/gcc/arm-eabi/4.4.2/../../../../arm-eabi/lib/thumb/libm.a(lib_a-e_log.o)
                0x0200e640                __ieee754_log
 .text          0x0200ea78      0x1d8 /home/worman/nds/devkitARM/bin/../lib/gcc/arm-eabi/4.4.2/../../../../arm-eabi/lib/thumb/libm.a(lib_a-e_sqrt.o)
                0x0200ea78                __ieee754_sqrt
 .text          0x0200ec50       0x1c /home/worman/nds/devkitARM/bin/../lib/gcc/arm-eabi/4.4.2/../../../../arm-eabi/lib/thumb/libm.a(lib_a-s_finite.o)
                0x0200ec50                finite
 .text          0x0200ec6c       0x20 /home/worman/nds/devkitARM/bin/../lib/gcc/arm-eabi/4.4.2/../../../../arm-eabi/lib/thumb/libm.a(lib_a-s_isnand.o)
                0x0200ec6c                __isnand
 .text          0x0200ec8c        0x0 /home/worman/nds/devkitARM/bin/../lib/gcc/arm-eabi/4.4.2/../../../../arm-eabi/lib/thumb/libm.a(lib_a-s_lib_ver.o)
 .text          0x0200ec8c        0x4 /home/worman/nds/devkitARM/bin/../lib/gcc/arm-eabi/4.4.2/../../../../arm-eabi/lib/thumb/libm.a(lib_a-s_matherr.o)
                0x0200ec8c                matherr
 .text          0x0200ec90       0x10 /home/worman/nds/devkitARM/bin/../lib/gcc/arm-eabi/4.4.2/../../../../arm-eabi/lib/thumb/libm.a(lib_a-s_nan.o)
                0x0200ec90                nan
 .text          0x0200eca0       0x8c /home/worman/nds/devkitARM/bin/../lib/gcc/arm-eabi/4.4.2/thumb/libgcc.a(_udivsi3.o)
                0x0200eca0                __udivsi3
                0x0200eca0                __aeabi_uidiv
                0x0200ed1c                __aeabi_uidivmod
 .text          0x0200ed2c       0xa4 /home/worman/nds/devkitARM/bin/../lib/gcc/arm-eabi/4.4.2/thumb/libgcc.a(_divsi3.o)
                0x0200ed2c                __aeabi_idiv
                0x0200ed2c                __divsi3
                0x0200edc0                __aeabi_idivmod
 .text          0x0200edd0        0x4 /home/worman/nds/devkitARM/bin/../lib/gcc/arm-eabi/4.4.2/thumb/libgcc.a(_dvmd_tls.o)
                0x0200edd0                __aeabi_ldiv0
                0x0200edd0                __div0
                0x0200edd0                __aeabi_idiv0
 .text          0x0200edd4      0x41c /home/worman/nds/devkitARM/bin/../lib/gcc/arm-eabi/4.4.2/thumb/libgcc.a(_arm_addsubdf3.o)
                0x0200edd4                __aeabi_drsub
                0x0200eddc                __aeabi_dsub
                0x0200eddc                __subdf3
                0x0200ede0                __adddf3
                0x0200ede0                __aeabi_dadd
                0x0200f0f0                __aeabi_ui2d
                0x0200f0f0                __floatunsidf
                0x0200f114                __floatsidf
                0x0200f114                __aeabi_i2d
                0x0200f13c                __extendsfdf2
                0x0200f13c                __aeabi_f2d
                0x0200f17c                __aeabi_ul2d
                0x0200f17c                __floatundidf
                0x0200f190                __floatdidf
                0x0200f190                __aeabi_l2d
 .text          0x0200f1f0      0x49c /home/worman/nds/devkitARM/bin/../lib/gcc/arm-eabi/4.4.2/thumb/libgcc.a(_arm_muldivdf3.o)
                0x0200f1f0                __aeabi_dmul
                0x0200f1f0                __muldf3
                0x0200f480                __aeabi_ddiv
                0x0200f480                __divdf3
 .text          0x0200f68c      0x140 /home/worman/nds/devkitARM/bin/../lib/gcc/arm-eabi/4.4.2/thumb/libgcc.a(_arm_cmpdf2.o)
                0x0200f68c                __gtdf2
                0x0200f68c                __gedf2
                0x0200f694                __ltdf2
                0x0200f694                __ledf2
                0x0200f69c                __cmpdf2
                0x0200f69c                __eqdf2
                0x0200f69c                __nedf2
                0x0200f720                __aeabi_cdrcmple
                0x0200f73c                __aeabi_cdcmple
                0x0200f73c                __aeabi_cdcmpeq
                0x0200f754                __aeabi_dcmpeq
                0x0200f76c                __aeabi_dcmplt
                0x0200f784                __aeabi_dcmple
                0x0200f79c                __aeabi_dcmpge
                0x0200f7b4                __aeabi_dcmpgt
 .text          0x0200f7cc       0x5c /home/worman/nds/devkitARM/bin/../lib/gcc/arm-eabi/4.4.2/thumb/libgcc.a(_arm_fixdfsi.o)
                0x0200f7cc                __fixdfsi
                0x0200f7cc                __aeabi_d2iz
 .text          0x0200f828       0xa0 /home/worman/nds/devkitARM/bin/../lib/gcc/arm-eabi/4.4.2/thumb/libgcc.a(_arm_truncdfsf2.o)
                0x0200f828                __aeabi_d2f
                0x0200f828                __truncdfsf2
 .text          0x0200f8c8      0x2ac /home/worman/nds/devkitARM/bin/../lib/gcc/arm-eabi/4.4.2/thumb/libgcc.a(_arm_addsubsf3.o)
                0x0200f8c8                __aeabi_frsub
                0x0200f8d0                __subsf3
                0x0200f8d0                __aeabi_fsub
                0x0200f8d4                __aeabi_fadd
                0x0200f8d4                __addsf3
                0x0200fa90                __aeabi_ui2f
                0x0200fa90                __floatunsisf
                0x0200fa98                __aeabi_i2f
                0x0200fa98                __floatsisf
                0x0200fab8                __floatundisf
                0x0200fab8                __aeabi_ul2f
                0x0200fac8                __floatdisf
                0x0200fac8                __aeabi_l2f
 .text          0x0200fb74      0x2f8 /home/worman/nds/devkitARM/bin/../lib/gcc/arm-eabi/4.4.2/thumb/libgcc.a(_arm_muldivsf3.o)
                0x0200fb74                __mulsf3
                0x0200fb74                __aeabi_fmul
                0x0200fd0c                __divsf3
                0x0200fd0c                __aeabi_fdiv
 .text          0x0200fe6c       0x5c /home/worman/nds/devkitARM/bin/../lib/gcc/arm-eabi/4.4.2/thumb/libgcc.a(_arm_fixsfsi.o)
                0x0200fe6c                __fixsfsi
                0x0200fe6c                __aeabi_f2iz
 .text          0x0200fec8       0x70 /home/worman/nds/devkitARM/bin/../lib/gcc/arm-eabi/4.4.2/thumb/libgcc.a(_muldi3.o)
                0x0200fec8                __aeabi_lmul
                0x0200fec8                __muldi3
 .text          0x0200ff38      0xa4c /home/worman/nds/devkitARM/bin/../lib/gcc/arm-eabi/4.4.2/thumb/libgcc.a(unwind-arm.o)
                0x0200ff48                _Unwind_VRS_Get
                0x0200ff90                _Unwind_VRS_Set
                0x0201006c                _Unwind_GetCFA
                0x02010070                _Unwind_Complete
                0x02010074                _Unwind_DeleteException
                0x02010348                __aeabi_unwind_cpp_pr2
                0x02010358                __aeabi_unwind_cpp_pr1
                0x02010368                __aeabi_unwind_cpp_pr0
                0x020104a4                __gnu_Unwind_Backtrace
                0x02010608                __gnu_Unwind_ForcedUnwind
                0x02010654                __gnu_Unwind_RaiseException
                0x020106b4                __gnu_Unwind_Resume_or_Rethrow
                0x020106d4                __gnu_Unwind_Resume
                0x02010714                _Unwind_VRS_Pop
 .text          0x02010984      0x1d8 /home/worman/nds/devkitARM/bin/../lib/gcc/arm-eabi/4.4.2/thumb/libgcc.a(libunwind.o)
                0x02010984                __restore_core_regs
                0x02010984                restore_core_regs
                0x020109a0                __gnu_Unwind_Restore_VFP
                0x020109a8                __gnu_Unwind_Save_VFP
                0x020109b0                __gnu_Unwind_Restore_VFP_D
                0x020109b8                __gnu_Unwind_Save_VFP_D
                0x020109c0                __gnu_Unwind_Restore_VFP_D_16_to_31
                0x020109c8                __gnu_Unwind_Save_VFP_D_16_to_31
                0x020109d0                __gnu_Unwind_Restore_WMMXD
                0x02010a14                __gnu_Unwind_Save_WMMXD
                0x02010a58                __gnu_Unwind_Restore_WMMXC
                0x02010a6c                __gnu_Unwind_Save_WMMXC
                0x02010a80                ___Unwind_RaiseException
                0x02010a80                _Unwind_RaiseException
                0x02010aac                ___Unwind_Resume
                0x02010aac                _Unwind_Resume
                0x02010ad8                _Unwind_Resume_or_Rethrow
                0x02010ad8                ___Unwind_Resume_or_Rethrow
                0x02010b04                ___Unwind_ForcedUnwind
                0x02010b04                _Unwind_ForcedUnwind
                0x02010b30                _Unwind_Backtrace
                0x02010b30                ___Unwind_Backtrace
 .text          0x02010b5c      0x3b0 /home/worman/nds/devkitARM/bin/../lib/gcc/arm-eabi/4.4.2/thumb/libgcc.a(pr-support.o)
                0x02010b94                _Unwind_GetTextRelBase
                0x02010b9c                _Unwind_GetDataRelBase
                0x02010bd0                _Unwind_GetLanguageSpecificData
                0x02010be8                _Unwind_GetRegionStart
                0x02010bf8                __gnu_unwind_execute
                0x02010ee0                __gnu_unwind_frame
 .text          0x02010f0c       0x10 /home/worman/nds/devkitARM/bin/../lib/gcc/arm-eabi/4.4.2/../../../../arm-eabi/lib/thumb/libg.a(lib_a-abort.o)
                0x02010f0c                abort
 .text          0x02010f1c       0x60 /home/worman/nds/devkitARM/bin/../lib/gcc/arm-eabi/4.4.2/../../../../arm-eabi/lib/thumb/libg.a(lib_a-bsearch.o)
                0x02010f1c                bsearch
 .text          0x02010f7c        0xc /home/worman/nds/devkitARM/bin/../lib/gcc/arm-eabi/4.4.2/../../../../arm-eabi/lib/thumb/libg.a(lib_a-errno.o)
                0x02010f7c                __errno
 .text          0x02010f88       0x54 /home/worman/nds/devkitARM/bin/../lib/gcc/arm-eabi/4.4.2/../../../../arm-eabi/lib/thumb/libg.a(lib_a-fputc.o)
                0x02010f88                fputc
                0x02010fb4                _fputc_r
 .text          0x02010fdc       0x78 /home/worman/nds/devkitARM/bin/../lib/gcc/arm-eabi/4.4.2/../../../../arm-eabi/lib/thumb/libg.a(lib_a-fputs.o)
                0x02010fdc                _fputs_r
                0x02011038                fputs
 .text          0x02011054      0x318 /home/worman/nds/devkitARM/bin/../lib/gcc/arm-eabi/4.4.2/../../../../arm-eabi/lib/thumb/libg.a(lib_a-fvwrite.o)
                0x02011054                __sfvwrite_r
 .text          0x0201136c       0xa4 /home/worman/nds/devkitARM/bin/../lib/gcc/arm-eabi/4.4.2/../../../../arm-eabi/lib/thumb/libg.a(lib_a-fwrite.o)
                0x0201136c                _fwrite_r
                0x020113e8                fwrite
 .text          0x02011410       0x18 /home/worman/nds/devkitARM/bin/../lib/gcc/arm-eabi/4.4.2/../../../../arm-eabi/lib/thumb/libg.a(lib_a-gmtime.o)
                0x02011410                gmtime
 .text          0x02011428       0x10 /home/worman/nds/devkitARM/bin/../lib/gcc/arm-eabi/4.4.2/../../../../arm-eabi/lib/thumb/libg.a(lib_a-gmtime_r.o)
                0x02011428                gmtime_r
 .text          0x02011438        0x0 /home/worman/nds/devkitARM/bin/../lib/gcc/arm-eabi/4.4.2/../../../../arm-eabi/lib/thumb/libg.a(lib_a-impure.o)
 .text          0x02011438       0x84 /home/worman/nds/devkitARM/bin/../lib/gcc/arm-eabi/4.4.2/../../../../arm-eabi/lib/thumb/libg.a(lib_a-init.o)
                0x02011438                __libc_fini_array
                0x02011468                __libc_init_array
 .text          0x020114bc       0x40 /home/worman/nds/devkitARM/bin/../lib/gcc/arm-eabi/4.4.2/../../../../arm-eabi/lib/thumb/libg.a(lib_a-iprintf.o)
                0x020114bc                _iprintf_r
                0x020114d8                iprintf
 .text          0x020114fc       0x30 /home/worman/nds/devkitARM/bin/../lib/gcc/arm-eabi/4.4.2/../../../../arm-eabi/lib/thumb/libg.a(lib_a-malloc.o)
                0x020114fc                free
                0x02011514                malloc
 .text          0x0201152c      0x504 /home/worman/nds/devkitARM/bin/../lib/gcc/arm-eabi/4.4.2/../../../../arm-eabi/lib/thumb/libg.a(lib_a-mallocr.o)
                0x0201152c                _malloc_r
 .text          0x02011a30       0x80 /home/worman/nds/devkitARM/bin/../lib/gcc/arm-eabi/4.4.2/../../../../arm-eabi/lib/thumb/libg.a(lib_a-memchr.o)
                0x02011a30                memchr
 .text          0x02011ab0       0x58 /home/worman/nds/devkitARM/bin/../lib/gcc/arm-eabi/4.4.2/../../../../arm-eabi/lib/thumb/libg.a(lib_a-memcmp.o)
                0x02011ab0                memcmp
 .text          0x02011b08       0x80 /home/worman/nds/devkitARM/bin/../lib/gcc/arm-eabi/4.4.2/../../../../arm-eabi/lib/thumb/libg.a(lib_a-memcpy.o)
                0x02011b08                memcpy
 .text          0x02011b88       0xa0 /home/worman/nds/devkitARM/bin/../lib/gcc/arm-eabi/4.4.2/../../../../arm-eabi/lib/thumb/libg.a(lib_a-memmove.o)
                0x02011b88                memmove
 .text          0x02011c28       0x94 /home/worman/nds/devkitARM/bin/../lib/gcc/arm-eabi/4.4.2/../../../../arm-eabi/lib/thumb/libg.a(lib_a-memset.o)
                0x02011c28                memset
 .text          0x02011cbc      0x4b0 /home/worman/nds/devkitARM/bin/../lib/gcc/arm-eabi/4.4.2/../../../../arm-eabi/lib/thumb/libg.a(lib_a-mktm_r.o)
                0x02011cbc                __tzcalc_limits
                0x02011e40                _mktm_r
 .text          0x0201216c        0x8 /home/worman/nds/devkitARM/bin/../lib/gcc/arm-eabi/4.4.2/../../../../arm-eabi/lib/thumb/libg.a(lib_a-mlock.o)
                0x0201216c                __malloc_lock
                0x02012170                __malloc_unlock
 .text          0x02012174       0x40 /home/worman/nds/devkitARM/bin/../lib/gcc/arm-eabi/4.4.2/../../../../arm-eabi/lib/thumb/libg.a(lib_a-printf.o)
                0x02012174                printf
                0x02012198                _printf_r
 .text          0x020121b4       0xc4 /home/worman/nds/devkitARM/bin/../lib/gcc/arm-eabi/4.4.2/../../../../arm-eabi/lib/thumb/libg.a(lib_a-putc.o)
                0x020121b4                putc
                0x02012218                _putc_r
 .text          0x02012278       0x84 /home/worman/nds/devkitARM/bin/../lib/gcc/arm-eabi/4.4.2/../../../../arm-eabi/lib/thumb/libg.a(lib_a-puts.o)
                0x02012278                _puts_r
                0x020122e4                puts
 .text          0x020122fc       0x1c /home/worman/nds/devkitARM/bin/../lib/gcc/arm-eabi/4.4.2/../../../../arm-eabi/lib/thumb/libg.a(lib_a-realloc.o)
                0x020122fc                realloc
 .text          0x02012318      0x354 /home/worman/nds/devkitARM/bin/../lib/gcc/arm-eabi/4.4.2/../../../../arm-eabi/lib/thumb/libg.a(lib_a-reallocr.o)
                0x02012318                _realloc_r
 .text          0x0201266c       0x40 /home/worman/nds/devkitARM/bin/../lib/gcc/arm-eabi/4.4.2/../../../../arm-eabi/lib/thumb/libg.a(lib_a-scanf.o)
                0x0201266c                _scanf_r
                0x02012688                scanf
 .text          0x020126ac      0x10c /home/worman/nds/devkitARM/bin/../lib/gcc/arm-eabi/4.4.2/../../../../arm-eabi/lib/thumb/libg.a(lib_a-setvbuf.o)
                0x020126ac                setvbuf
 .text          0x020127b8      0x190 /home/worman/nds/devkitARM/bin/../lib/gcc/arm-eabi/4.4.2/../../../../arm-eabi/lib/thumb/libg.a(lib_a-signal.o)
                0x020127b8                _raise_r
                0x02012814                raise
                0x0201282c                _init_signal_r
                0x02012864                _init_signal
                0x02012878                __sigtramp_r
                0x020128d0                __sigtramp
                0x020128e8                _signal_r
                0x02012928                signal
 .text          0x02012948       0xa4 /home/worman/nds/devkitARM/bin/../lib/gcc/arm-eabi/4.4.2/../../../../arm-eabi/lib/thumb/libg.a(lib_a-siscanf.o)
                0x0201294c                _siscanf_r
                0x0201299c                siscanf
 .text          0x020129ec       0x84 /home/worman/nds/devkitARM/bin/../lib/gcc/arm-eabi/4.4.2/../../../../arm-eabi/lib/thumb/libg.a(lib_a-sprintf.o)
                0x020129ec                sprintf
                0x02012a30                _sprintf_r
 .text          0x02012a70       0x5c /home/worman/nds/devkitARM/bin/../lib/gcc/arm-eabi/4.4.2/../../../../arm-eabi/lib/thumb/libg.a(lib_a-strcmp.o)
                0x02012a70                strcmp
 .text          0x02012acc       0x4c /home/worman/nds/devkitARM/bin/../lib/gcc/arm-eabi/4.4.2/../../../../arm-eabi/lib/thumb/libg.a(lib_a-strcpy.o)
                0x02012acc                strcpy
 .text          0x02012b18       0x6c /home/worman/nds/devkitARM/bin/../lib/gcc/arm-eabi/4.4.2/../../../../arm-eabi/lib/thumb/libg.a(lib_a-strlen.o)
                0x02012b18                strlen
 .text          0x02012b84       0xac /home/worman/nds/devkitARM/bin/../lib/gcc/arm-eabi/4.4.2/../../../../arm-eabi/lib/thumb/libg.a(lib_a-strncmp.o)
                0x02012b84                strncmp
 .text          0x02012c30       0x64 /home/worman/nds/devkitARM/bin/../lib/gcc/arm-eabi/4.4.2/../../../../arm-eabi/lib/thumb/libg.a(lib_a-strncpy.o)
                0x02012c30                strncpy
 .text          0x02012c94      0xa6c /home/worman/nds/devkitARM/bin/../lib/gcc/arm-eabi/4.4.2/../../../../arm-eabi/lib/thumb/libg.a(lib_a-svfiscanf.o)
                0x02012d68                __ssvfiscanf_r
 .text          0x02013700     0x1730 /home/worman/nds/devkitARM/bin/../lib/gcc/arm-eabi/4.4.2/../../../../arm-eabi/lib/thumb/libg.a(lib_a-svfprintf.o)
                0x02013834                _svfprintf_r
 .text          0x02014e30       0x1c /home/worman/nds/devkitARM/bin/../lib/gcc/arm-eabi/4.4.2/../../../../arm-eabi/lib/thumb/libg.a(lib_a-sysgettod.o)
                0x02014e30                gettimeofday
 .text          0x02014e4c       0x20 /home/worman/nds/devkitARM/bin/../lib/gcc/arm-eabi/4.4.2/../../../../arm-eabi/lib/thumb/libg.a(lib_a-syswrite.o)
                0x02014e4c                write
 .text          0x02014e6c       0x34 /home/worman/nds/devkitARM/bin/../lib/gcc/arm-eabi/4.4.2/../../../../arm-eabi/lib/thumb/libg.a(lib_a-time.o)
                0x02014e6c                time
 .text          0x02014ea0        0x8 /home/worman/nds/devkitARM/bin/../lib/gcc/arm-eabi/4.4.2/../../../../arm-eabi/lib/thumb/libg.a(lib_a-tzlock.o)
                0x02014ea0                __tz_lock
                0x02014ea4                __tz_unlock
 .text          0x02014ea8        0x0 /home/worman/nds/devkitARM/bin/../lib/gcc/arm-eabi/4.4.2/../../../../arm-eabi/lib/thumb/libg.a(lib_a-tzvars.o)
 .text          0x02014ea8      0x1a0 /home/worman/nds/devkitARM/bin/../lib/gcc/arm-eabi/4.4.2/../../../../arm-eabi/lib/thumb/libg.a(lib_a-ungetc.o)
                0x02014ea8                __submore
                0x02014f24                _ungetc_r
                0x0201502c                ungetc
 .text          0x02015048      0xd48 /home/worman/nds/devkitARM/bin/../lib/gcc/arm-eabi/4.4.2/../../../../arm-eabi/lib/thumb/libg.a(lib_a-vfiprintf.o)
                0x02015068                _vfiprintf_r
                0x02015d70                vfiprintf
 .text          0x02015d90     0x1810 /home/worman/nds/devkitARM/bin/../lib/gcc/arm-eabi/4.4.2/../../../../arm-eabi/lib/thumb/libg.a(lib_a-vfprintf.o)
                0x02015db0                _vfprintf_r
                0x0201757c                vfprintf
 .text          0x020175a0      0xe2c /home/worman/nds/devkitARM/bin/../lib/gcc/arm-eabi/4.4.2/../../../../arm-eabi/lib/thumb/libg.a(lib_a-vfscanf.o)
                0x020175a0                __svfscanf_r
                0x0201834c                __svfscanf
                0x0201836c                _vfscanf_r
                0x02018398                vfscanf
 .text          0x020183cc       0xe0 /home/worman/nds/devkitARM/bin/../lib/gcc/arm-eabi/4.4.2/../../../../arm-eabi/lib/thumb/libg.a(lib_a-wbuf.o)
                0x020183cc                __swbuf_r
                0x02018490                __swbuf
 .text          0x020184ac       0x64 /home/worman/nds/devkitARM/bin/../lib/gcc/arm-eabi/4.4.2/../../../../arm-eabi/lib/thumb/libg.a(lib_a-wcrtomb.o)
                0x020184ac                _wcrtomb_r
                0x020184f0                wcrtomb
 .text          0x02018510      0x104 /home/worman/nds/devkitARM/bin/../lib/gcc/arm-eabi/4.4.2/../../../../arm-eabi/lib/thumb/libg.a(lib_a-wcsrtombs.o)
                0x02018510                _wcsrtombs_r
                0x020185ec                wcsrtombs
 .text          0x02018614      0x2c8 /home/worman/nds/devkitARM/bin/../lib/gcc/arm-eabi/4.4.2/../../../../arm-eabi/lib/thumb/libg.a(lib_a-wctomb_r.o)
                0x02018614                _wctomb_r
 .text          0x020188dc       0xd0 /home/worman/nds/devkitARM/bin/../lib/gcc/arm-eabi/4.4.2/../../../../arm-eabi/lib/thumb/libg.a(lib_a-wsetup.o)
                0x020188dc                __swsetup_r
 .text          0x020189ac        0x0 /home/worman/nds/devkitARM/bin/../lib/gcc/arm-eabi/4.4.2/../../../../arm-eabi/lib/thumb/libg.a(lib_a-ctype_.o)
 *fill*         0x020189ac        0x4 ff
 .text          0x020189b0      0xff0 /home/worman/nds/devkitARM/bin/../lib/gcc/arm-eabi/4.4.2/../../../../arm-eabi/lib/thumb/libg.a(lib_a-dtoa.o)
                0x02018b04                _dtoa_r
 .text          0x020199a0      0x148 /home/worman/nds/devkitARM/bin/../lib/gcc/arm-eabi/4.4.2/../../../../arm-eabi/lib/thumb/libg.a(lib_a-fflush.o)
                0x020199a0                _fflush_r
                0x02019ab4                fflush
 .text          0x02019ae8      0x1e0 /home/worman/nds/devkitARM/bin/../lib/gcc/arm-eabi/4.4.2/../../../../arm-eabi/lib/thumb/libg.a(lib_a-findfp.o)
                0x02019ae8                __sfp_lock_acquire
                0x02019aec                __sfp_lock_release
                0x02019af0                __sinit_lock_acquire
                0x02019af4                __sinit_lock_release
                0x02019b00                __fp_unlock_all
                0x02019b1c                __fp_lock_all
                0x02019b38                _cleanup_r
                0x02019b4c                _cleanup
                0x02019bac                __sinit
                0x02019c08                __sfmoreglue
                0x02019c38                __sfp
 .text          0x02019cc8      0x19c /home/worman/nds/devkitARM/bin/../lib/gcc/arm-eabi/4.4.2/../../../../arm-eabi/lib/thumb/libg.a(lib_a-fread.o)
                0x02019cc8                _fread_r
                0x02019e3c                fread
 .text          0x02019e64      0x250 /home/worman/nds/devkitARM/bin/../lib/gcc/arm-eabi/4.4.2/../../../../arm-eabi/lib/thumb/libg.a(lib_a-freer.o)
                0x02019e64                _malloc_trim_r
                0x02019f08                _free_r
 .text          0x0201a0b4       0xc4 /home/worman/nds/devkitARM/bin/../lib/gcc/arm-eabi/4.4.2/../../../../arm-eabi/lib/thumb/libg.a(lib_a-fwalk.o)
                0x0201a0b4                _fwalk_reent
                0x0201a118                _fwalk
 .text          0x0201a178        0x8 /home/worman/nds/devkitARM/bin/../lib/gcc/arm-eabi/4.4.2/../../../../arm-eabi/lib/thumb/libg.a(lib_a-gettzinfo.o)
                0x0201a178                __gettzinfo
 .text          0x0201a180       0xe8 /home/worman/nds/devkitARM/bin/../lib/gcc/arm-eabi/4.4.2/../../../../arm-eabi/lib/thumb/libg.a(lib_a-iswspace.o)
                0x0201a180                iswspace
 .text          0x0201a268      0x190 /home/worman/nds/devkitARM/bin/../lib/gcc/arm-eabi/4.4.2/../../../../arm-eabi/lib/thumb/libg.a(lib_a-jp2uc.o)
                0x0201a268                __jp2uc
 .text          0x0201a3f8      0x28c /home/worman/nds/devkitARM/bin/../lib/gcc/arm-eabi/4.4.2/../../../../arm-eabi/lib/thumb/libg.a(lib_a-locale.o)
                0x0201a3f8                __locale_charset
                0x0201a404                _localeconv_r
                0x0201a40c                localeconv
                0x0201a414                _setlocale_r
                0x0201a668                setlocale
 .text          0x0201a684       0xe8 /home/worman/nds/devkitARM/bin/../lib/gcc/arm-eabi/4.4.2/../../../../arm-eabi/lib/thumb/libg.a(lib_a-makebuf.o)
                0x0201a684                __smakebuf_r
 .text          0x0201a76c       0x70 /home/worman/nds/devkitARM/bin/../lib/gcc/arm-eabi/4.4.2/../../../../arm-eabi/lib/thumb/libg.a(lib_a-mbrtowc.o)
                0x0201a76c                _mbrtowc_r
                0x0201a7b4                mbrtowc
 .text          0x0201a7dc      0x660 /home/worman/nds/devkitARM/bin/../lib/gcc/arm-eabi/4.4.2/../../../../arm-eabi/lib/thumb/libg.a(lib_a-mbtowc_r.o)
                0x0201a7dc                _mbtowc_r
 *fill*         0x0201ae3c        0x4 ff
 .text          0x0201ae40      0x9d8 /home/worman/nds/devkitARM/bin/../lib/gcc/arm-eabi/4.4.2/../../../../arm-eabi/lib/thumb/libg.a(lib_a-mprec.o)
                0x0201ae40                _Bfree
                0x0201ae58                __hi0bits
                0x0201aeac                __lo0bits
                0x0201af14                __mcmp
                0x0201af58                __ulp
                0x0201afa8                __b2d
                0x0201b044                __ratio
                0x0201b0a8                _mprec_log10
                0x0201b0ec                __copybits
                0x0201b134                __any_on
                0x0201b188                _Balloc
                0x0201b1dc                __d2b
                0x0201b2c0                __mdiff
                0x0201b3e0                __lshift
                0x0201b4a4                __multiply
                0x0201b608                __i2b
                0x0201b620                __multadd
                0x0201b6c4                __pow5mult
                0x0201b77c                __s2b
 .text          0x0201b818      0x128 /home/worman/nds/devkitARM/bin/../lib/gcc/arm-eabi/4.4.2/../../../../arm-eabi/lib/thumb/libg.a(lib_a-refill.o)
                0x0201b818                __srefill_r
 .text          0x0201b940       0x78 /home/worman/nds/devkitARM/bin/../lib/gcc/arm-eabi/4.4.2/../../../../arm-eabi/lib/thumb/libg.a(lib_a-sccl.o)
                0x0201b940                __sccl
 .text          0x0201b9b8        0x8 /home/worman/nds/devkitARM/bin/../lib/gcc/arm-eabi/4.4.2/../../../../arm-eabi/lib/thumb/libg.a(lib_a-sf_nan.o)
                0x0201b9b8                nanf
 .text          0x0201b9c0       0x24 /home/worman/nds/devkitARM/bin/../lib/gcc/arm-eabi/4.4.2/../../../../arm-eabi/lib/thumb/libg.a(lib_a-s_isinfd.o)
                0x0201b9c0                __isinfd
 .text          0x0201b9e4       0xa8 /home/worman/nds/devkitARM/bin/../lib/gcc/arm-eabi/4.4.2/../../../../arm-eabi/lib/thumb/libg.a(lib_a-stdio.o)
                0x0201b9e4                __sclose
                0x0201b9f4                __sseek
                0x0201ba24                __swrite
                0x0201ba60                __sread
 *fill*         0x0201ba8c        0x4 ff
 .text          0x0201ba90      0xee8 /home/worman/nds/devkitARM/bin/../lib/gcc/arm-eabi/4.4.2/../../../../arm-eabi/lib/thumb/libg.a(lib_a-strtod.o)
                0x0201ba90                _strtod_r
                0x0201c924                strtof
                0x0201c95c                strtod
 .text          0x0201c978      0x190 /home/worman/nds/devkitARM/bin/../lib/gcc/arm-eabi/4.4.2/../../../../arm-eabi/lib/thumb/libg.a(lib_a-strtol.o)
                0x0201c978                _strtol_r
                0x0201cae8                strtol
 .text          0x0201cb08      0x17c /home/worman/nds/devkitARM/bin/../lib/gcc/arm-eabi/4.4.2/../../../../arm-eabi/lib/thumb/libg.a(lib_a-strtoul.o)
                0x0201cb08                _strtoul_r
                0x0201cc64                strtoul
 .text          0x0201cc84       0x5c /home/worman/nds/devkitARM/bin/../lib/gcc/arm-eabi/4.4.2/../../../../arm-eabi/lib/thumb/libg.a(lib_a-callocr.o)
                0x0201cc84                _calloc_r
 .text          0x0201cce0       0xc0 /home/worman/nds/devkitARM/bin/../lib/gcc/arm-eabi/4.4.2/../../../../arm-eabi/lib/thumb/libg.a(lib_a-fclose.o)
                0x0201cce0                _fclose_r
                0x0201cd84                fclose
 .text          0x0201cda0      0x5c4 /home/worman/nds/devkitARM/bin/../lib/gcc/arm-eabi/4.4.2/../../../../arm-eabi/lib/thumb/libg.a(lib_a-gdtoa-gethex.o)
                0x0201cda0                __hexdig_init
                0x0201cea8                __gethex
 .text          0x0201d364      0x1b8 /home/worman/nds/devkitARM/bin/../lib/gcc/arm-eabi/4.4.2/../../../../arm-eabi/lib/thumb/libg.a(lib_a-gdtoa-hexnan.o)
                0x0201d364                __hexnan
 .text          0x0201d51c      0x144 /home/worman/nds/devkitARM/bin/../lib/gcc/arm-eabi/4.4.2/../../../../arm-eabi/lib/thumb/libsysbase.a(iosupport.o)
                0x0201d51c                setDefaultDevice
                0x0201d530                AddDevice
                0x0201d5ac                FindDevice
                0x0201d61c                GetDeviceOpTab
                0x0201d63c                RemoveDevice
 .text          0x0201d660       0x50 /home/worman/nds/devkitARM/bin/../lib/gcc/arm-eabi/4.4.2/../../../../arm-eabi/lib/thumb/libsysbase.a(close.o)
                0x0201d660                _close_r
 .text          0x0201d6b0       0x58 /home/worman/nds/devkitARM/bin/../lib/gcc/arm-eabi/4.4.2/../../../../arm-eabi/lib/thumb/libsysbase.a(fstat.o)
                0x0201d6b0                _fstat_r
 .text          0x0201d708        0xc /home/worman/nds/devkitARM/bin/../lib/gcc/arm-eabi/4.4.2/../../../../arm-eabi/lib/thumb/libsysbase.a(getpid.o)
                0x0201d708                _getpid_r
 .text          0x0201d714        0x4 /home/worman/nds/devkitARM/bin/../lib/gcc/arm-eabi/4.4.2/../../../../arm-eabi/lib/thumb/libsysbase.a(isatty.o)
                0x0201d714                _isatty_r
 .text          0x0201d718        0xc /home/worman/nds/devkitARM/bin/../lib/gcc/arm-eabi/4.4.2/../../../../arm-eabi/lib/thumb/libsysbase.a(kill.o)
                0x0201d718                _kill_r
 .text          0x0201d724       0x50 /home/worman/nds/devkitARM/bin/../lib/gcc/arm-eabi/4.4.2/../../../../arm-eabi/lib/thumb/libsysbase.a(lseek.o)
                0x0201d724                _lseek_r
 .text          0x0201d774       0x50 /home/worman/nds/devkitARM/bin/../lib/gcc/arm-eabi/4.4.2/../../../../arm-eabi/lib/thumb/libsysbase.a(read.o)
                0x0201d774                _read_r
 .text          0x0201d7c4       0x54 /home/worman/nds/devkitARM/bin/../lib/gcc/arm-eabi/4.4.2/../../../../arm-eabi/lib/thumb/libsysbase.a(sbrk.o)
                0x0201d7c4                _sbrk_r
 .text          0x0201d818       0x48 /home/worman/nds/devkitARM/bin/../lib/gcc/arm-eabi/4.4.2/../../../../arm-eabi/lib/thumb/libsysbase.a(times.o)
                0x0201d818                _times_r
                0x0201d820                _gettimeofday_r
                0x0201d84c                _times
 .text          0x0201d860       0x50 /home/worman/nds/devkitARM/bin/../lib/gcc/arm-eabi/4.4.2/../../../../arm-eabi/lib/thumb/libsysbase.a(write.o)
                0x0201d860                _write_r
 .text          0x0201d8b0       0x18 /home/worman/nds/devkitARM/bin/../lib/gcc/arm-eabi/4.4.2/../../../../arm-eabi/lib/thumb/libsysbase.a(_exit.o)
                0x0201d8b0                _exit
 .text          0x0201d8c8        0x0 /home/worman/nds/devkitARM/bin/../lib/gcc/arm-eabi/4.4.2/../../../../arm-eabi/lib/thumb/libsysbase.a(malloc_vars.o)
 .text          0x0201d8c8       0x54 /home/worman/nds/devkitARM/bin/../lib/gcc/arm-eabi/4.4.2/../../../../arm-eabi/lib/thumb/libsysbase.a(build_argv.o)
                0x0201d8c8                build_argv
 .text          0x0201d91c        0x0 /home/worman/nds/devkitARM/bin/../lib/gcc/arm-eabi/4.4.2/../../../../arm-eabi/lib/thumb/libsysbase.a(syscall_support.o)
 .text          0x0201d91c       0x88 /home/worman/nds/devkitARM/bin/../lib/gcc/arm-eabi/4.4.2/../../../../arm-eabi/lib/thumb/libsysbase.a(handle_manager.o)
                0x0201d91c                __get_handle
                0x0201d93c                __alloc_handle
                0x0201d978                __release_handle
 .text          0x0201d9a4       0x54 /home/worman/nds/devkitARM/bin/../lib/gcc/arm-eabi/4.4.2/thumb/libgcc.a(_arm_fixunsdfsi.o)
                0x0201d9a4                __fixunsdfsi
                0x0201d9a4                __aeabi_d2uiz
 .text          0x0201d9f8       0xd4 /home/worman/nds/devkitARM/bin/../lib/gcc/arm-eabi/4.4.2/../../../../arm-eabi/lib/thumb/libg.a(lib_a-strchr.o)
                0x0201d9f8                strchr
 .text          0x0201dacc        0x0 /home/worman/nds/devkitARM/bin/../lib/gcc/arm-eabi/4.4.2/thumb/crtend.o
 .text          0x0201dacc        0x0 /home/worman/nds/devkitARM/bin/../lib/gcc/arm-eabi/4.4.2/thumb/crtn.o
 *(.text.*)
 .text._ZNSt15_List_node_base4swapERS_S0_
                0x0201dacc       0x54 /home/worman/nds/devkitARM/bin/../lib/gcc/arm-eabi/4.4.2/../../../../arm-eabi/lib/thumb/libstdc++.a(list.o)
                0x0201dacc                _ZNSt15_List_node_base4swapERS_S0_
 .text._ZNSt15_List_node_base8transferEPS_S0_
                0x0201db20       0x20 /home/worman/nds/devkitARM/bin/../lib/gcc/arm-eabi/4.4.2/../../../../arm-eabi/lib/thumb/libstdc++.a(list.o)
                0x0201db20                _ZNSt15_List_node_base8transferEPS_S0_
 .text._ZNSt15_List_node_base7reverseEv
                0x0201db40       0x18 /home/worman/nds/devkitARM/bin/../lib/gcc/arm-eabi/4.4.2/../../../../arm-eabi/lib/thumb/libstdc++.a(list.o)
                0x0201db40                _ZNSt15_List_node_base7reverseEv
 .text._ZNSt15_List_node_base4hookEPS_
                0x0201db58       0x10 /home/worman/nds/devkitARM/bin/../lib/gcc/arm-eabi/4.4.2/../../../../arm-eabi/lib/thumb/libstdc++.a(list.o)
                0x0201db58                _ZNSt15_List_node_base4hookEPS_
 .text._ZNSt15_List_node_base6unhookEv
                0x0201db68        0xc /home/worman/nds/devkitARM/bin/../lib/gcc/arm-eabi/4.4.2/../../../../arm-eabi/lib/thumb/libstdc++.a(list.o)
                0x0201db68                _ZNSt15_List_node_base6unhookEv
 .text._Znwj    0x0201db74       0x6c /home/worman/nds/devkitARM/bin/../lib/gcc/arm-eabi/4.4.2/../../../../arm-eabi/lib/thumb/libstdc++.a(new_op.o)
                0x0201db74                _Znwj
 .text._ZL21base_of_encoded_valuehP15_Unwind_Context
                0x0201dbe0       0x4c /home/worman/nds/devkitARM/bin/../lib/gcc/arm-eabi/4.4.2/../../../../arm-eabi/lib/thumb/libstdc++.a(eh_personality.o)
 .text._ZL17parse_lsda_headerP15_Unwind_ContextPKhP16lsda_header_info
                0x0201dc2c      0x16c /home/worman/nds/devkitARM/bin/../lib/gcc/arm-eabi/4.4.2/../../../../arm-eabi/lib/thumb/libstdc++.a(eh_personality.o)
 .text.__gxx_personality_v0
                0x0201dd98      0x73c /home/worman/nds/devkitARM/bin/../lib/gcc/arm-eabi/4.4.2/../../../../arm-eabi/lib/thumb/libstdc++.a(eh_personality.o)
                0x0201dd98                __gxx_personality_v0
 .text._ZSt15set_new_handlerPFvvE
                0x0201e4d4       0x10 /home/worman/nds/devkitARM/bin/../lib/gcc/arm-eabi/4.4.2/../../../../arm-eabi/lib/thumb/libstdc++.a(new_handler.o)
                0x0201e4d4                _ZSt15set_new_handlerPFvvE
 .text._ZNKSt9bad_alloc4whatEv
                0x0201e4e4        0x8 /home/worman/nds/devkitARM/bin/../lib/gcc/arm-eabi/4.4.2/../../../../arm-eabi/lib/thumb/libstdc++.a(new_handler.o)
                0x0201e4e4                _ZNKSt9bad_alloc4whatEv
 .text._ZNSt9bad_allocD1Ev
                0x0201e4ec       0x1c /home/worman/nds/devkitARM/bin/../lib/gcc/arm-eabi/4.4.2/../../../../arm-eabi/lib/thumb/libstdc++.a(new_handler.o)
                0x0201e4ec                _ZNSt9bad_allocD1Ev
 .text._ZNSt9bad_allocD2Ev
                0x0201e508       0x1c /home/worman/nds/devkitARM/bin/../lib/gcc/arm-eabi/4.4.2/../../../../arm-eabi/lib/thumb/libstdc++.a(new_handler.o)
                0x0201e508                _ZNSt9bad_allocD2Ev
 .text._ZNSt9bad_allocD0Ev
                0x0201e524       0x20 /home/worman/nds/devkitARM/bin/../lib/gcc/arm-eabi/4.4.2/../../../../arm-eabi/lib/thumb/libstdc++.a(new_handler.o)
                0x0201e524                _ZNSt9bad_allocD0Ev
 .text.__cxa_call_terminate
                0x0201e544       0x48 /home/worman/nds/devkitARM/bin/../lib/gcc/arm-eabi/4.4.2/../../../../arm-eabi/lib/thumb/libstdc++.a(eh_call.o)
                0x0201e544                __cxa_call_terminate
 .text.__cxa_call_unexpected
                0x0201e58c      0x124 /home/worman/nds/devkitARM/bin/../lib/gcc/arm-eabi/4.4.2/../../../../arm-eabi/lib/thumb/libstdc++.a(eh_call.o)
                0x0201e58c                __cxa_call_unexpected
 .text._Znaj    0x0201e6b0       0x18 /home/worman/nds/devkitARM/bin/../lib/gcc/arm-eabi/4.4.2/../../../../arm-eabi/lib/thumb/libstdc++.a(new_opv.o)
                0x0201e6b0                _Znaj
 .text.__cxa_type_match
                0x0201e6c8       0xf8 /home/worman/nds/devkitARM/bin/../lib/gcc/arm-eabi/4.4.2/../../../../arm-eabi/lib/thumb/libstdc++.a(eh_arm.o)
                0x0201e6c8                __cxa_type_match
 .text.__cxa_begin_cleanup
                0x0201e7c0       0x64 /home/worman/nds/devkitARM/bin/../lib/gcc/arm-eabi/4.4.2/../../../../arm-eabi/lib/thumb/libstdc++.a(eh_arm.o)
                0x0201e7c0                __cxa_begin_cleanup
 .text.__gnu_end_cleanup
                0x0201e824       0x6c /home/worman/nds/devkitARM/bin/../lib/gcc/arm-eabi/4.4.2/../../../../arm-eabi/lib/thumb/libstdc++.a(eh_arm.o)
                0x0201e824                __gnu_end_cleanup
 .text.__cxa_get_exception_ptr
                0x0201e890        0x4 /home/worman/nds/devkitARM/bin/../lib/gcc/arm-eabi/4.4.2/../../../../arm-eabi/lib/thumb/libstdc++.a(eh_catch.o)
                0x0201e890                __cxa_get_exception_ptr
 .text._ZSt18uncaught_exceptionv
                0x0201e894       0x14 /home/worman/nds/devkitARM/bin/../lib/gcc/arm-eabi/4.4.2/../../../../arm-eabi/lib/thumb/libstdc++.a(eh_catch.o)
                0x0201e894                _ZSt18uncaught_exceptionv
 .text.__cxa_end_catch
                0x0201e8a8       0x88 /home/worman/nds/devkitARM/bin/../lib/gcc/arm-eabi/4.4.2/../../../../arm-eabi/lib/thumb/libstdc++.a(eh_catch.o)
                0x0201e8a8                __cxa_end_catch
 .text.__cxa_begin_catch
                0x0201e930       0x88 /home/worman/nds/devkitARM/bin/../lib/gcc/arm-eabi/4.4.2/../../../../arm-eabi/lib/thumb/libstdc++.a(eh_catch.o)
                0x0201e930                __cxa_begin_catch
 .text._ZdlPv   0x0201e9b8       0x10 /home/worman/nds/devkitARM/bin/../lib/gcc/arm-eabi/4.4.2/../../../../arm-eabi/lib/thumb/libstdc++.a(del_op.o)
                0x0201e9b8                _ZdlPv
 .text._ZSt13set_terminatePFvvE
                0x0201e9c8       0x10 /home/worman/nds/devkitARM/bin/../lib/gcc/arm-eabi/4.4.2/../../../../arm-eabi/lib/thumb/libstdc++.a(eh_terminate.o)
                0x0201e9c8                _ZSt13set_terminatePFvvE
 .text._ZSt14set_unexpectedPFvvE
                0x0201e9d8       0x10 /home/worman/nds/devkitARM/bin/../lib/gcc/arm-eabi/4.4.2/../../../../arm-eabi/lib/thumb/libstdc++.a(eh_terminate.o)
                0x0201e9d8                _ZSt14set_unexpectedPFvvE
 .text._ZN10__cxxabiv111__terminateEPFvvE
                0x0201e9e8       0x20 /home/worman/nds/devkitARM/bin/../lib/gcc/arm-eabi/4.4.2/../../../../arm-eabi/lib/thumb/libstdc++.a(eh_terminate.o)
                0x0201e9e8                _ZN10__cxxabiv111__terminateEPFvvE
 .text._ZSt9terminatev
                0x0201ea08       0x10 /home/worman/nds/devkitARM/bin/../lib/gcc/arm-eabi/4.4.2/../../../../arm-eabi/lib/thumb/libstdc++.a(eh_terminate.o)
                0x0201ea08                _ZSt9terminatev
 .text._ZN10__cxxabiv112__unexpectedEPFvvE
                0x0201ea18        0xc /home/worman/nds/devkitARM/bin/../lib/gcc/arm-eabi/4.4.2/../../../../arm-eabi/lib/thumb/libstdc++.a(eh_terminate.o)
                0x0201ea18                _ZN10__cxxabiv112__unexpectedEPFvvE
 .text._ZSt10unexpectedv
                0x0201ea24       0x10 /home/worman/nds/devkitARM/bin/../lib/gcc/arm-eabi/4.4.2/../../../../arm-eabi/lib/thumb/libstdc++.a(eh_terminate.o)
                0x0201ea24                _ZSt10unexpectedv
 .text.__cxa_rethrow
                0x0201ea34       0x68 /home/worman/nds/devkitARM/bin/../lib/gcc/arm-eabi/4.4.2/../../../../arm-eabi/lib/thumb/libstdc++.a(eh_throw.o)
                0x0201ea34                __cxa_rethrow
 .text.__cxa_throw
                0x0201ea9c       0x5c /home/worman/nds/devkitARM/bin/../lib/gcc/arm-eabi/4.4.2/../../../../arm-eabi/lib/thumb/libstdc++.a(eh_throw.o)
                0x0201ea9c                __cxa_throw
 .text._ZL23__gxx_exception_cleanup19_Unwind_Reason_CodeP21_Unwind_Control_Block
                0x0201eaf8       0x34 /home/worman/nds/devkitARM/bin/../lib/gcc/arm-eabi/4.4.2/../../../../arm-eabi/lib/thumb/libstdc++.a(eh_throw.o)
 .text.__cxa_get_globals_fast
                0x0201eb2c        0x8 /home/worman/nds/devkitARM/bin/../lib/gcc/arm-eabi/4.4.2/../../../../arm-eabi/lib/thumb/libstdc++.a(eh_globals.o)
                0x0201eb2c                __cxa_get_globals_fast
 .text.__cxa_get_globals
                0x0201eb34        0x8 /home/worman/nds/devkitARM/bin/../lib/gcc/arm-eabi/4.4.2/../../../../arm-eabi/lib/thumb/libstdc++.a(eh_globals.o)
                0x0201eb34                __cxa_get_globals
 .text._ZN10__cxxabiv123__fundamental_type_infoD1Ev
                0x0201eb3c       0x1c /home/worman/nds/devkitARM/bin/../lib/gcc/arm-eabi/4.4.2/../../../../arm-eabi/lib/thumb/libstdc++.a(fundamental_type_info.o)
                0x0201eb3c                _ZN10__cxxabiv123__fundamental_type_infoD1Ev
 .text._ZN10__cxxabiv123__fundamental_type_infoD2Ev
                0x0201eb58       0x1c /home/worman/nds/devkitARM/bin/../lib/gcc/arm-eabi/4.4.2/../../../../arm-eabi/lib/thumb/libstdc++.a(fundamental_type_info.o)
                0x0201eb58                _ZN10__cxxabiv123__fundamental_type_infoD2Ev
 .text._ZN10__cxxabiv123__fundamental_type_infoD0Ev
                0x0201eb74       0x20 /home/worman/nds/devkitARM/bin/../lib/gcc/arm-eabi/4.4.2/../../../../arm-eabi/lib/thumb/libstdc++.a(fundamental_type_info.o)
                0x0201eb74                _ZN10__cxxabiv123__fundamental_type_infoD0Ev
 .text.__cxa_bad_typeid
                0x0201eb94       0x20 /home/worman/nds/devkitARM/bin/../lib/gcc/arm-eabi/4.4.2/../../../../arm-eabi/lib/thumb/libstdc++.a(eh_aux_runtime.o)
                0x0201eb94                __cxa_bad_typeid
 .text.__cxa_bad_cast
                0x0201ebb4       0x20 /home/worman/nds/devkitARM/bin/../lib/gcc/arm-eabi/4.4.2/../../../../arm-eabi/lib/thumb/libstdc++.a(eh_aux_runtime.o)
                0x0201ebb4                __cxa_bad_cast
 .text._ZNSt9exceptionD2Ev
                0x0201ebd4        0xc /home/worman/nds/devkitARM/bin/../lib/gcc/arm-eabi/4.4.2/../../../../arm-eabi/lib/thumb/libstdc++.a(eh_exception.o)
                0x0201ebd4                _ZNSt9exceptionD2Ev
 .text._ZNSt9exceptionD1Ev
                0x0201ebe0        0xc /home/worman/nds/devkitARM/bin/../lib/gcc/arm-eabi/4.4.2/../../../../arm-eabi/lib/thumb/libstdc++.a(eh_exception.o)
                0x0201ebe0                _ZNSt9exceptionD1Ev
 .text._ZNSt13bad_exceptionD2Ev
                0x0201ebec        0xc /home/worman/nds/devkitARM/bin/../lib/gcc/arm-eabi/4.4.2/../../../../arm-eabi/lib/thumb/libstdc++.a(eh_exception.o)
                0x0201ebec                _ZNSt13bad_exceptionD2Ev
 .text._ZNSt13bad_exceptionD1Ev
                0x0201ebf8        0xc /home/worman/nds/devkitARM/bin/../lib/gcc/arm-eabi/4.4.2/../../../../arm-eabi/lib/thumb/libstdc++.a(eh_exception.o)
                0x0201ebf8                _ZNSt13bad_exceptionD1Ev
 .text._ZN10__cxxabiv115__forced_unwindD2Ev
                0x0201ec04        0xc /home/worman/nds/devkitARM/bin/../lib/gcc/arm-eabi/4.4.2/../../../../arm-eabi/lib/thumb/libstdc++.a(eh_exception.o)
                0x0201ec04                _ZN10__cxxabiv115__forced_unwindD2Ev
 .text._ZN10__cxxabiv115__forced_unwindD1Ev
                0x0201ec10        0xc /home/worman/nds/devkitARM/bin/../lib/gcc/arm-eabi/4.4.2/../../../../arm-eabi/lib/thumb/libstdc++.a(eh_exception.o)
                0x0201ec10                _ZN10__cxxabiv115__forced_unwindD1Ev
 .text._ZN10__cxxabiv119__foreign_exceptionD2Ev
                0x0201ec1c        0xc /home/worman/nds/devkitARM/bin/../lib/gcc/arm-eabi/4.4.2/../../../../arm-eabi/lib/thumb/libstdc++.a(eh_exception.o)
                0x0201ec1c                _ZN10__cxxabiv119__foreign_exceptionD2Ev
 .text._ZN10__cxxabiv119__foreign_exceptionD1Ev
                0x0201ec28        0xc /home/worman/nds/devkitARM/bin/../lib/gcc/arm-eabi/4.4.2/../../../../arm-eabi/lib/thumb/libstdc++.a(eh_exception.o)
                0x0201ec28                _ZN10__cxxabiv119__foreign_exceptionD1Ev
 .text._ZNKSt9exception4whatEv
                0x0201ec34        0x8 /home/worman/nds/devkitARM/bin/../lib/gcc/arm-eabi/4.4.2/../../../../arm-eabi/lib/thumb/libstdc++.a(eh_exception.o)
                0x0201ec34                _ZNKSt9exception4whatEv
 .text._ZNKSt13bad_exception4whatEv
                0x0201ec3c        0x8 /home/worman/nds/devkitARM/bin/../lib/gcc/arm-eabi/4.4.2/../../../../arm-eabi/lib/thumb/libstdc++.a(eh_exception.o)
                0x0201ec3c                _ZNKSt13bad_exception4whatEv
 .text._ZN10__cxxabiv119__foreign_exceptionD0Ev
                0x0201ec44       0x1c /home/worman/nds/devkitARM/bin/../lib/gcc/arm-eabi/4.4.2/../../../../arm-eabi/lib/thumb/libstdc++.a(eh_exception.o)
                0x0201ec44                _ZN10__cxxabiv119__foreign_exceptionD0Ev
 .text._ZN10__cxxabiv115__forced_unwindD0Ev
                0x0201ec60       0x1c /home/worman/nds/devkitARM/bin/../lib/gcc/arm-eabi/4.4.2/../../../../arm-eabi/lib/thumb/libstdc++.a(eh_exception.o)
                0x0201ec60                _ZN10__cxxabiv115__forced_unwindD0Ev
 .text._ZNSt9exceptionD0Ev
                0x0201ec7c       0x1c /home/worman/nds/devkitARM/bin/../lib/gcc/arm-eabi/4.4.2/../../../../arm-eabi/lib/thumb/libstdc++.a(eh_exception.o)
                0x0201ec7c                _ZNSt9exceptionD0Ev
 .text._ZNSt13bad_exceptionD0Ev
                0x0201ec98       0x1c /home/worman/nds/devkitARM/bin/../lib/gcc/arm-eabi/4.4.2/../../../../arm-eabi/lib/thumb/libstdc++.a(eh_exception.o)
                0x0201ec98                _ZNSt13bad_exceptionD0Ev
 .text._ZN9__gnu_cxx27__verbose_terminate_handlerEv
                0x0201ecb4      0x110 /home/worman/nds/devkitARM/bin/../lib/gcc/arm-eabi/4.4.2/../../../../arm-eabi/lib/thumb/libstdc++.a(vterminate.o)
                0x0201ecb4                _ZN9__gnu_cxx27__verbose_terminate_handlerEv
 .text._GLOBAL__I___cxa_allocate_exception
                0x0201edc4        0x4 /home/worman/nds/devkitARM/bin/../lib/gcc/arm-eabi/4.4.2/../../../../arm-eabi/lib/thumb/libstdc++.a(eh_alloc.o)
 .text.__cxa_free_dependent_exception
                0x0201edc8       0x3c /home/worman/nds/devkitARM/bin/../lib/gcc/arm-eabi/4.4.2/../../../../arm-eabi/lib/thumb/libstdc++.a(eh_alloc.o)
                0x0201edc8                __cxa_free_dependent_exception
 .text.__cxa_free_exception
                0x0201ee04       0x3c /home/worman/nds/devkitARM/bin/../lib/gcc/arm-eabi/4.4.2/../../../../arm-eabi/lib/thumb/libstdc++.a(eh_alloc.o)
                0x0201ee04                __cxa_free_exception
 .text.__cxa_allocate_dependent_exception
                0x0201ee40       0x84 /home/worman/nds/devkitARM/bin/../lib/gcc/arm-eabi/4.4.2/../../../../arm-eabi/lib/thumb/libstdc++.a(eh_alloc.o)
                0x0201ee40                __cxa_allocate_dependent_exception
 .text.__cxa_allocate_exception
                0x0201eec4       0x88 /home/worman/nds/devkitARM/bin/../lib/gcc/arm-eabi/4.4.2/../../../../arm-eabi/lib/thumb/libstdc++.a(eh_alloc.o)
                0x0201eec4                __cxa_allocate_exception
 .text._ZNSt9type_infoD2Ev
                0x0201ef4c        0xc /home/worman/nds/devkitARM/bin/../lib/gcc/arm-eabi/4.4.2/../../../../arm-eabi/lib/thumb/libstdc++.a(tinfo.o)
                0x0201ef4c                _ZNSt9type_infoD2Ev
 .text._ZNSt9type_infoD1Ev
                0x0201ef58        0xc /home/worman/nds/devkitARM/bin/../lib/gcc/arm-eabi/4.4.2/../../../../arm-eabi/lib/thumb/libstdc++.a(tinfo.o)
                0x0201ef58                _ZNSt9type_infoD1Ev
 .text._ZNKSt9type_infoeqERKS_
                0x0201ef64        0xc /home/worman/nds/devkitARM/bin/../lib/gcc/arm-eabi/4.4.2/../../../../arm-eabi/lib/thumb/libstdc++.a(tinfo.o)
                0x0201ef64                _ZNKSt9type_infoeqERKS_
 .text._ZNKSt9type_info14__is_pointer_pEv
                0x0201ef70        0x4 /home/worman/nds/devkitARM/bin/../lib/gcc/arm-eabi/4.4.2/../../../../arm-eabi/lib/thumb/libstdc++.a(tinfo.o)
                0x0201ef70                _ZNKSt9type_info14__is_pointer_pEv
 .text._ZNKSt9type_info15__is_function_pEv
                0x0201ef74        0x4 /home/worman/nds/devkitARM/bin/../lib/gcc/arm-eabi/4.4.2/../../../../arm-eabi/lib/thumb/libstdc++.a(tinfo.o)
                0x0201ef74                _ZNKSt9type_info15__is_function_pEv
 .text._ZNKSt9type_info10__do_catchEPKS_PPvj
                0x0201ef78        0xc /home/worman/nds/devkitARM/bin/../lib/gcc/arm-eabi/4.4.2/../../../../arm-eabi/lib/thumb/libstdc++.a(tinfo.o)
                0x0201ef78                _ZNKSt9type_info10__do_catchEPKS_PPvj
 .text._ZNKSt9type_info11__do_upcastEPKN10__cxxabiv117__class_type_infoEPPv
                0x0201ef84        0x4 /home/worman/nds/devkitARM/bin/../lib/gcc/arm-eabi/4.4.2/../../../../arm-eabi/lib/thumb/libstdc++.a(tinfo.o)
                0x0201ef84                _ZNKSt9type_info11__do_upcastEPKN10__cxxabiv117__class_type_infoEPPv
 .text._ZNSt9type_infoD0Ev
                0x0201ef88       0x1c /home/worman/nds/devkitARM/bin/../lib/gcc/arm-eabi/4.4.2/../../../../arm-eabi/lib/thumb/libstdc++.a(tinfo.o)
                0x0201ef88                _ZNSt9type_infoD0Ev
 .text._ZNK10__cxxabiv120__si_class_type_info11__do_upcastEPKNS_17__class_type_infoEPKvRNS1_15__upcast_resultE
                0x0201efa4       0x30 /home/worman/nds/devkitARM/bin/../lib/gcc/arm-eabi/4.4.2/../../../../arm-eabi/lib/thumb/libstdc++.a(si_class_type_info.o)
                0x0201efa4                _ZNK10__cxxabiv120__si_class_type_info11__do_upcastEPKNS_17__class_type_infoEPKvRNS1_15__upcast_resultE
 .text._ZNK10__cxxabiv120__si_class_type_info12__do_dyncastEiNS_17__class_type_info10__sub_kindEPKS1_PKvS4_S6_RNS1_16__dyncast_resultE
                0x0201efd4       0x98 /home/worman/nds/devkitARM/bin/../lib/gcc/arm-eabi/4.4.2/../../../../arm-eabi/lib/thumb/libstdc++.a(si_class_type_info.o)
                0x0201efd4                _ZNK10__cxxabiv120__si_class_type_info12__do_dyncastEiNS_17__class_type_info10__sub_kindEPKS1_PKvS4_S6_RNS1_16__dyncast_resultE
 .text._ZNK10__cxxabiv120__si_class_type_info20__do_find_public_srcEiPKvPKNS_17__class_type_infoES2_
                0x0201f06c       0x48 /home/worman/nds/devkitARM/bin/../lib/gcc/arm-eabi/4.4.2/../../../../arm-eabi/lib/thumb/libstdc++.a(si_class_type_info.o)
                0x0201f06c                _ZNK10__cxxabiv120__si_class_type_info20__do_find_public_srcEiPKvPKNS_17__class_type_infoES2_
 .text._ZN10__cxxabiv120__si_class_type_infoD1Ev
                0x0201f0b4       0x1c /home/worman/nds/devkitARM/bin/../lib/gcc/arm-eabi/4.4.2/../../../../arm-eabi/lib/thumb/libstdc++.a(si_class_type_info.o)
                0x0201f0b4                _ZN10__cxxabiv120__si_class_type_infoD1Ev
 .text._ZN10__cxxabiv120__si_class_type_infoD2Ev
                0x0201f0d0       0x1c /home/worman/nds/devkitARM/bin/../lib/gcc/arm-eabi/4.4.2/../../../../arm-eabi/lib/thumb/libstdc++.a(si_class_type_info.o)
                0x0201f0d0                _ZN10__cxxabiv120__si_class_type_infoD2Ev
 .text._ZN10__cxxabiv120__si_class_type_infoD0Ev
                0x0201f0ec       0x20 /home/worman/nds/devkitARM/bin/../lib/gcc/arm-eabi/4.4.2/../../../../arm-eabi/lib/thumb/libstdc++.a(si_class_type_info.o)
                0x0201f0ec                _ZN10__cxxabiv120__si_class_type_infoD0Ev
 .text.__cxa_pure_virtual
                0x0201f10c       0x14 /home/worman/nds/devkitARM/bin/../lib/gcc/arm-eabi/4.4.2/../../../../arm-eabi/lib/thumb/libstdc++.a(pure.o)
                0x0201f10c                __cxa_pure_virtual
 .text.__cxa_current_exception_type
                0x0201f120       0x28 /home/worman/nds/devkitARM/bin/../lib/gcc/arm-eabi/4.4.2/../../../../arm-eabi/lib/thumb/libstdc++.a(eh_type.o)
                0x0201f120                __cxa_current_exception_type
 .text._ZNKSt10bad_typeid4whatEv
                0x0201f148        0x8 /home/worman/nds/devkitARM/bin/../lib/gcc/arm-eabi/4.4.2/../../../../arm-eabi/lib/thumb/libstdc++.a(bad_typeid.o)
                0x0201f148                _ZNKSt10bad_typeid4whatEv
 .text._ZNSt10bad_typeidD1Ev
                0x0201f150       0x1c /home/worman/nds/devkitARM/bin/../lib/gcc/arm-eabi/4.4.2/../../../../arm-eabi/lib/thumb/libstdc++.a(bad_typeid.o)
                0x0201f150                _ZNSt10bad_typeidD1Ev
 .text._ZNSt10bad_typeidD2Ev
                0x0201f16c       0x1c /home/worman/nds/devkitARM/bin/../lib/gcc/arm-eabi/4.4.2/../../../../arm-eabi/lib/thumb/libstdc++.a(bad_typeid.o)
                0x0201f16c                _ZNSt10bad_typeidD2Ev
 .text._ZNSt10bad_typeidD0Ev
                0x0201f188       0x20 /home/worman/nds/devkitARM/bin/../lib/gcc/arm-eabi/4.4.2/../../../../arm-eabi/lib/thumb/libstdc++.a(bad_typeid.o)
                0x0201f188                _ZNSt10bad_typeidD0Ev
 .text._ZNK10__cxxabiv117__class_type_info11__do_upcastEPKS0_PPv
                0x0201f1a8       0x40 /home/worman/nds/devkitARM/bin/../lib/gcc/arm-eabi/4.4.2/../../../../arm-eabi/lib/thumb/libstdc++.a(class_type_info.o)
                0x0201f1a8                _ZNK10__cxxabiv117__class_type_info11__do_upcastEPKS0_PPv
 .text._ZNK10__cxxabiv117__class_type_info20__do_find_public_srcEiPKvPKS0_S2_
                0x0201f1e8       0x14 /home/worman/nds/devkitARM/bin/../lib/gcc/arm-eabi/4.4.2/../../../../arm-eabi/lib/thumb/libstdc++.a(class_type_info.o)
                0x0201f1e8                _ZNK10__cxxabiv117__class_type_info20__do_find_public_srcEiPKvPKS0_S2_
 .text._ZNK10__cxxabiv117__class_type_info11__do_upcastEPKS0_PKvRNS0_15__upcast_resultE
                0x0201f1fc       0x20 /home/worman/nds/devkitARM/bin/../lib/gcc/arm-eabi/4.4.2/../../../../arm-eabi/lib/thumb/libstdc++.a(class_type_info.o)
                0x0201f1fc                _ZNK10__cxxabiv117__class_type_info11__do_upcastEPKS0_PKvRNS0_15__upcast_resultE
 .text._ZNK10__cxxabiv117__class_type_info12__do_dyncastEiNS0_10__sub_kindEPKS0_PKvS3_S5_RNS0_16__dyncast_resultE
                0x0201f21c       0x4c /home/worman/nds/devkitARM/bin/../lib/gcc/arm-eabi/4.4.2/../../../../arm-eabi/lib/thumb/libstdc++.a(class_type_info.o)
                0x0201f21c                _ZNK10__cxxabiv117__class_type_info12__do_dyncastEiNS0_10__sub_kindEPKS0_PKvS3_S5_RNS0_16__dyncast_resultE
 .text._ZNK10__cxxabiv117__class_type_info10__do_catchEPKSt9type_infoPPvj
                0x0201f268       0x34 /home/worman/nds/devkitARM/bin/../lib/gcc/arm-eabi/4.4.2/../../../../arm-eabi/lib/thumb/libstdc++.a(class_type_info.o)
                0x0201f268                _ZNK10__cxxabiv117__class_type_info10__do_catchEPKSt9type_infoPPvj
 .text._ZN10__cxxabiv117__class_type_infoD1Ev
                0x0201f29c       0x1c /home/worman/nds/devkitARM/bin/../lib/gcc/arm-eabi/4.4.2/../../../../arm-eabi/lib/thumb/libstdc++.a(class_type_info.o)
                0x0201f29c                _ZN10__cxxabiv117__class_type_infoD1Ev
 .text._ZN10__cxxabiv117__class_type_infoD2Ev
                0x0201f2b8       0x1c /home/worman/nds/devkitARM/bin/../lib/gcc/arm-eabi/4.4.2/../../../../arm-eabi/lib/thumb/libstdc++.a(class_type_info.o)
                0x0201f2b8                _ZN10__cxxabiv117__class_type_infoD2Ev
 .text._ZN10__cxxabiv117__class_type_infoD0Ev
                0x0201f2d4       0x20 /home/worman/nds/devkitARM/bin/../lib/gcc/arm-eabi/4.4.2/../../../../arm-eabi/lib/thumb/libstdc++.a(class_type_info.o)
                0x0201f2d4                _ZN10__cxxabiv117__class_type_infoD0Ev
 .text._ZNKSt8bad_cast4whatEv
                0x0201f2f4        0x8 /home/worman/nds/devkitARM/bin/../lib/gcc/arm-eabi/4.4.2/../../../../arm-eabi/lib/thumb/libstdc++.a(bad_cast.o)
                0x0201f2f4                _ZNKSt8bad_cast4whatEv
 .text._ZNSt8bad_castD1Ev
                0x0201f2fc       0x1c /home/worman/nds/devkitARM/bin/../lib/gcc/arm-eabi/4.4.2/../../../../arm-eabi/lib/thumb/libstdc++.a(bad_cast.o)
                0x0201f2fc                _ZNSt8bad_castD1Ev
 .text._ZNSt8bad_castD2Ev
                0x0201f318       0x1c /home/worman/nds/devkitARM/bin/../lib/gcc/arm-eabi/4.4.2/../../../../arm-eabi/lib/thumb/libstdc++.a(bad_cast.o)
                0x0201f318                _ZNSt8bad_castD2Ev
 .text._ZNSt8bad_castD0Ev
                0x0201f334       0x20 /home/worman/nds/devkitARM/bin/../lib/gcc/arm-eabi/4.4.2/../../../../arm-eabi/lib/thumb/libstdc++.a(bad_cast.o)
                0x0201f334                _ZNSt8bad_castD0Ev
 .text._ZNK10__cxxabiv119__pointer_type_info14__is_pointer_pEv
                0x0201f354        0x4 /home/worman/nds/devkitARM/bin/../lib/gcc/arm-eabi/4.4.2/../../../../arm-eabi/lib/thumb/libstdc++.a(pointer_type_info.o)
                0x0201f354                _ZNK10__cxxabiv119__pointer_type_info14__is_pointer_pEv
 .text._ZNK10__cxxabiv119__pointer_type_info15__pointer_catchEPKNS_17__pbase_type_infoEPPvj
                0x0201f358       0x4c /home/worman/nds/devkitARM/bin/../lib/gcc/arm-eabi/4.4.2/../../../../arm-eabi/lib/thumb/libstdc++.a(pointer_type_info.o)
                0x0201f358                _ZNK10__cxxabiv119__pointer_type_info15__pointer_catchEPKNS_17__pbase_type_infoEPPvj
 .text._ZN10__cxxabiv119__pointer_type_infoD1Ev
                0x0201f3a4       0x1c /home/worman/nds/devkitARM/bin/../lib/gcc/arm-eabi/4.4.2/../../../../arm-eabi/lib/thumb/libstdc++.a(pointer_type_info.o)
                0x0201f3a4                _ZN10__cxxabiv119__pointer_type_infoD1Ev
 .text._ZN10__cxxabiv119__pointer_type_infoD2Ev
                0x0201f3c0       0x1c /home/worman/nds/devkitARM/bin/../lib/gcc/arm-eabi/4.4.2/../../../../arm-eabi/lib/thumb/libstdc++.a(pointer_type_info.o)
                0x0201f3c0                _ZN10__cxxabiv119__pointer_type_infoD2Ev
 .text._ZN10__cxxabiv119__pointer_type_infoD0Ev
                0x0201f3dc       0x20 /home/worman/nds/devkitARM/bin/../lib/gcc/arm-eabi/4.4.2/../../../../arm-eabi/lib/thumb/libstdc++.a(pointer_type_info.o)
                0x0201f3dc                _ZN10__cxxabiv119__pointer_type_infoD0Ev
 .text._ZNK10__cxxabiv117__pbase_type_info15__pointer_catchEPKS0_PPvj
                0x0201f3fc       0x18 /home/worman/nds/devkitARM/bin/../lib/gcc/arm-eabi/4.4.2/../../../../arm-eabi/lib/thumb/libstdc++.a(pbase_type_info.o)
                0x0201f3fc                _ZNK10__cxxabiv117__pbase_type_info15__pointer_catchEPKS0_PPvj
 .text._ZNK10__cxxabiv117__pbase_type_info10__do_catchEPKSt9type_infoPPvj
                0x0201f414       0x64 /home/worman/nds/devkitARM/bin/../lib/gcc/arm-eabi/4.4.2/../../../../arm-eabi/lib/thumb/libstdc++.a(pbase_type_info.o)
                0x0201f414                _ZNK10__cxxabiv117__pbase_type_info10__do_catchEPKSt9type_infoPPvj
 .text._ZN10__cxxabiv117__pbase_type_infoD1Ev
                0x0201f478       0x1c /home/worman/nds/devkitARM/bin/../lib/gcc/arm-eabi/4.4.2/../../../../arm-eabi/lib/thumb/libstdc++.a(pbase_type_info.o)
                0x0201f478                _ZN10__cxxabiv117__pbase_type_infoD1Ev
 .text._ZN10__cxxabiv117__pbase_type_infoD2Ev
                0x0201f494       0x1c /home/worman/nds/devkitARM/bin/../lib/gcc/arm-eabi/4.4.2/../../../../arm-eabi/lib/thumb/libstdc++.a(pbase_type_info.o)
                0x0201f494                _ZN10__cxxabiv117__pbase_type_infoD2Ev
 .text._ZN10__cxxabiv117__pbase_type_infoD0Ev
                0x0201f4b0       0x20 /home/worman/nds/devkitARM/bin/../lib/gcc/arm-eabi/4.4.2/../../../../arm-eabi/lib/thumb/libstdc++.a(pbase_type_info.o)
                0x0201f4b0                _ZN10__cxxabiv117__pbase_type_infoD0Ev
 *(.stub)
 *(.gnu.warning)
 *(.gnu.linkonce.t*)
 *(.glue_7)
 .glue_7        0x00000000        0x0 linker stubs
 *(.glue_7t)
 .glue_7t       0x00000000        0x0 linker stubs
                0x0201f4d0                . = ALIGN (0x4)

.vfp11_veneer   0x00000000        0x0 load address 0x0201f4d0
 .vfp11_veneer  0x00000000        0x0 linker stubs

.v4_bx          0x00000000        0x0 load address 0x0201f4d0
 .v4_bx         0x00000000        0x0 linker stubs

.fini           0x0201f4d0        0xc
 *(.fini)
 .fini          0x0201f4d0        0x4 /home/worman/nds/devkitARM/bin/../lib/gcc/arm-eabi/4.4.2/thumb/crti.o
                0x0201f4d0                _fini
 .fini          0x0201f4d4        0x8 /home/worman/nds/devkitARM/bin/../lib/gcc/arm-eabi/4.4.2/thumb/crtn.o
                0x0201f4dc                __text_end = .

.rodata         0x0201f4e0     0xf1fc
 *(.rodata)
 .rodata        0x0201f4e0      0x50c back.pcx.o
                0x0201f4e0                back_pcx
                0x0201f9e5                back_pcx_end
                0x0201f9e8                back_pcx_size
 .rodata        0x0201f9ec      0x4e0 blueDinoSmall.pcx.o
                0x0201f9ec                blueDinoSmall_pcx
                0x0201fec6                blueDinoSmall_pcx_end
                0x0201fec8                blueDinoSmall_pcx_size
 .rodata        0x0201fecc      0x404 cupcake.pcx.o
                0x0201fecc                cupcake_pcx
                0x020202cb                cupcake_pcx_end
                0x020202cc                cupcake_pcx_size
 .rodata        0x020202d0      0x3f8 eggbottom.pcx.o
                0x020202d0                eggbottom_pcx
                0x020206c3                eggbottom_pcx_end
                0x020206c4                eggbottom_pcx_size
 .rodata        0x020206c8      0x420 eggSmall.pcx.o
                0x020206c8                eggSmall_pcx
                0x02020ae1                eggSmall_pcx_end
                0x02020ae4                eggSmall_pcx_size
 .rodata        0x02020ae8      0x400 eggtop.pcx.o
                0x02020ae8                eggtop_pcx